Archive member included to satisfy reference by file (symbol)

c:/st/stm32cubeide_1.7.0/stm32cubeide/plugins/com.st.stm32cube.ide.mcu.externaltools.gnu-tools-for-stm32.10.3-2021.10.win32_1.0.0.202111181127/tools/bin/../lib/gcc/arm-none-eabi/10.3.1/../../../../arm-none-eabi/lib/thumb/v7-m/nofp\libc_nano.a(lib_a-errno.o)
                              ./Core/Src/syscalls.o (__errno)
c:/st/stm32cubeide_1.7.0/stm32cubeide/plugins/com.st.stm32cube.ide.mcu.externaltools.gnu-tools-for-stm32.10.3-2021.10.win32_1.0.0.202111181127/tools/bin/../lib/gcc/arm-none-eabi/10.3.1/../../../../arm-none-eabi/lib/thumb/v7-m/nofp\libc_nano.a(lib_a-exit.o)
                              c:/st/stm32cubeide_1.7.0/stm32cubeide/plugins/com.st.stm32cube.ide.mcu.externaltools.gnu-tools-for-stm32.10.3-2021.10.win32_1.0.0.202111181127/tools/bin/../lib/gcc/arm-none-eabi/10.3.1/../../../../arm-none-eabi/lib/thumb/v7-m/nofp/crt0.o (exit)
c:/st/stm32cubeide_1.7.0/stm32cubeide/plugins/com.st.stm32cube.ide.mcu.externaltools.gnu-tools-for-stm32.10.3-2021.10.win32_1.0.0.202111181127/tools/bin/../lib/gcc/arm-none-eabi/10.3.1/../../../../arm-none-eabi/lib/thumb/v7-m/nofp\libc_nano.a(lib_a-impure.o)
                              c:/st/stm32cubeide_1.7.0/stm32cubeide/plugins/com.st.stm32cube.ide.mcu.externaltools.gnu-tools-for-stm32.10.3-2021.10.win32_1.0.0.202111181127/tools/bin/../lib/gcc/arm-none-eabi/10.3.1/../../../../arm-none-eabi/lib/thumb/v7-m/nofp\libc_nano.a(lib_a-exit.o) (_global_impure_ptr)
c:/st/stm32cubeide_1.7.0/stm32cubeide/plugins/com.st.stm32cube.ide.mcu.externaltools.gnu-tools-for-stm32.10.3-2021.10.win32_1.0.0.202111181127/tools/bin/../lib/gcc/arm-none-eabi/10.3.1/../../../../arm-none-eabi/lib/thumb/v7-m/nofp\libc_nano.a(lib_a-init.o)
                              c:/st/stm32cubeide_1.7.0/stm32cubeide/plugins/com.st.stm32cube.ide.mcu.externaltools.gnu-tools-for-stm32.10.3-2021.10.win32_1.0.0.202111181127/tools/bin/../lib/gcc/arm-none-eabi/10.3.1/../../../../arm-none-eabi/lib/thumb/v7-m/nofp/crt0.o (__libc_init_array)
c:/st/stm32cubeide_1.7.0/stm32cubeide/plugins/com.st.stm32cube.ide.mcu.externaltools.gnu-tools-for-stm32.10.3-2021.10.win32_1.0.0.202111181127/tools/bin/../lib/gcc/arm-none-eabi/10.3.1/../../../../arm-none-eabi/lib/thumb/v7-m/nofp\libc_nano.a(lib_a-memset.o)
                              c:/st/stm32cubeide_1.7.0/stm32cubeide/plugins/com.st.stm32cube.ide.mcu.externaltools.gnu-tools-for-stm32.10.3-2021.10.win32_1.0.0.202111181127/tools/bin/../lib/gcc/arm-none-eabi/10.3.1/../../../../arm-none-eabi/lib/thumb/v7-m/nofp/crt0.o (memset)

Discarded input sections

 .text          0x0000000000000000        0x0 c:/st/stm32cubeide_1.7.0/stm32cubeide/plugins/com.st.stm32cube.ide.mcu.externaltools.gnu-tools-for-stm32.10.3-2021.10.win32_1.0.0.202111181127/tools/bin/../lib/gcc/arm-none-eabi/10.3.1/thumb/v7-m/nofp/crti.o
 .data          0x0000000000000000        0x0 c:/st/stm32cubeide_1.7.0/stm32cubeide/plugins/com.st.stm32cube.ide.mcu.externaltools.gnu-tools-for-stm32.10.3-2021.10.win32_1.0.0.202111181127/tools/bin/../lib/gcc/arm-none-eabi/10.3.1/thumb/v7-m/nofp/crti.o
 .bss           0x0000000000000000        0x0 c:/st/stm32cubeide_1.7.0/stm32cubeide/plugins/com.st.stm32cube.ide.mcu.externaltools.gnu-tools-for-stm32.10.3-2021.10.win32_1.0.0.202111181127/tools/bin/../lib/gcc/arm-none-eabi/10.3.1/thumb/v7-m/nofp/crti.o
 .data          0x0000000000000000        0x4 c:/st/stm32cubeide_1.7.0/stm32cubeide/plugins/com.st.stm32cube.ide.mcu.externaltools.gnu-tools-for-stm32.10.3-2021.10.win32_1.0.0.202111181127/tools/bin/../lib/gcc/arm-none-eabi/10.3.1/thumb/v7-m/nofp/crtbegin.o
 .rodata        0x0000000000000000       0x24 c:/st/stm32cubeide_1.7.0/stm32cubeide/plugins/com.st.stm32cube.ide.mcu.externaltools.gnu-tools-for-stm32.10.3-2021.10.win32_1.0.0.202111181127/tools/bin/../lib/gcc/arm-none-eabi/10.3.1/thumb/v7-m/nofp/crtbegin.o
 .text          0x0000000000000000       0x7c c:/st/stm32cubeide_1.7.0/stm32cubeide/plugins/com.st.stm32cube.ide.mcu.externaltools.gnu-tools-for-stm32.10.3-2021.10.win32_1.0.0.202111181127/tools/bin/../lib/gcc/arm-none-eabi/10.3.1/../../../../arm-none-eabi/lib/thumb/v7-m/nofp/crt0.o
 .data          0x0000000000000000        0x0 c:/st/stm32cubeide_1.7.0/stm32cubeide/plugins/com.st.stm32cube.ide.mcu.externaltools.gnu-tools-for-stm32.10.3-2021.10.win32_1.0.0.202111181127/tools/bin/../lib/gcc/arm-none-eabi/10.3.1/../../../../arm-none-eabi/lib/thumb/v7-m/nofp/crt0.o
 .bss           0x0000000000000000        0x0 c:/st/stm32cubeide_1.7.0/stm32cubeide/plugins/com.st.stm32cube.ide.mcu.externaltools.gnu-tools-for-stm32.10.3-2021.10.win32_1.0.0.202111181127/tools/bin/../lib/gcc/arm-none-eabi/10.3.1/../../../../arm-none-eabi/lib/thumb/v7-m/nofp/crt0.o
[...]
Memory Configuration

Name             Origin             Length             Attributes
RAM              0x0000000020000000 0x0000000000005000 xrw
FLASH            0x0000000008000000 0x0000000000010000 xr
*default*        0x0000000000000000 0xffffffffffffffff

Linker script and memory map

LOAD c:/st/stm32cubeide_1.7.0/stm32cubeide/plugins/com.st.stm32cube.ide.mcu.externaltools.gnu-tools-for-stm32.10.3-2021.10.win32_1.0.0.202111181127/tools/bin/../lib/gcc/arm-none-eabi/10.3.1/thumb/v7-m/nofp/crti.o
LOAD c:/st/stm32cubeide_1.7.0/stm32cubeide/plugins/com.st.stm32cube.ide.mcu.externaltools.gnu-tools-for-stm32.10.3-2021.10.win32_1.0.0.202111181127/tools/bin/../lib/gcc/arm-none-eabi/10.3.1/thumb/v7-m/nofp/crtbegin.o
LOAD c:/st/stm32cubeide_1.7.0/stm32cubeide/plugins/com.st.stm32cube.ide.mcu.externaltools.gnu-tools-for-stm32.10.3-2021.10.win32_1.0.0.202111181127/tools/bin/../lib/gcc/arm-none-eabi/10.3.1/../../../../arm-none-eabi/lib/thumb/v7-m/nofp/crt0.o
LOAD ./Core/Src/i2c-lcd.o
LOAD ./Core/Src/main.o
LOAD ./Core/Src/stm32f1xx_hal_msp.o
LOAD ./Core/Src/stm32f1xx_it.o
LOAD ./Core/Src/syscalls.o
LOAD ./Core/Src/sysmem.o
LOAD ./Core/Src/system_stm32f1xx.o
LOAD ./Core/Startup/startup_stm32f103c8tx.o
LOAD ./Drivers/STM32F1xx_HAL_Driver/Src/stm32f1xx_hal.o
LOAD ./Drivers/STM32F1xx_HAL_Driver/Src/stm32f1xx_hal_cortex.o
LOAD ./Drivers/STM32F1xx_HAL_Driver/Src/stm32f1xx_hal_dma.o
LOAD ./Drivers/STM32F1xx_HAL_Driver/Src/stm32f1xx_hal_exti.o
LOAD ./Drivers/STM32F1xx_HAL_Driver/Src/stm32f1xx_hal_flash.o
LOAD ./Drivers/STM32F1xx_HAL_Driver/Src/stm32f1xx_hal_flash_ex.o
LOAD ./Drivers/STM32F1xx_HAL_Driver/Src/stm32f1xx_hal_gpio.o
LOAD ./Drivers/STM32F1xx_HAL_Driver/Src/stm32f1xx_hal_gpio_ex.o
LOAD ./Drivers/STM32F1xx_HAL_Driver/Src/stm32f1xx_hal_i2c.o
LOAD ./Drivers/STM32F1xx_HAL_Driver/Src/stm32f1xx_hal_pcd.o
LOAD ./Drivers/STM32F1xx_HAL_Driver/Src/stm32f1xx_hal_pcd_ex.o
LOAD ./Drivers/STM32F1xx_HAL_Driver/Src/stm32f1xx_hal_pwr.o
LOAD ./Drivers/STM32F1xx_HAL_Driver/Src/stm32f1xx_hal_rcc.o
LOAD ./Drivers/STM32F1xx_HAL_Driver/Src/stm32f1xx_hal_rcc_ex.o
LOAD ./Drivers/STM32F1xx_HAL_Driver/Src/stm32f1xx_hal_tim.o
LOAD ./Drivers/STM32F1xx_HAL_Driver/Src/stm32f1xx_hal_tim_ex.o
LOAD ./Drivers/STM32F1xx_HAL_Driver/Src/stm32f1xx_ll_usb.o
LOAD ./Middlewares/ST/STM32_USB_Device_Library/Class/CDC/Src/usbd_cdc.o
LOAD ./Middlewares/ST/STM32_USB_Device_Library/Core/Src/usbd_core.o
LOAD ./Middlewares/ST/STM32_USB_Device_Library/Core/Src/usbd_ctlreq.o
LOAD ./Middlewares/ST/STM32_USB_Device_Library/Core/Src/usbd_ioreq.o
LOAD ./USB_DEVICE/App/usb_device.o
LOAD ./USB_DEVICE/App/usbd_cdc_if.o
LOAD ./USB_DEVICE/App/usbd_desc.o
LOAD ./USB_DEVICE/Target/usbd_conf.o
START GROUP
LOAD c:/st/stm32cubeide_1.7.0/stm32cubeide/plugins/com.st.stm32cube.ide.mcu.externaltools.gnu-tools-for-stm32.10.3-2021.10.win32_1.0.0.202111181127/tools/bin/../lib/gcc/arm-none-eabi/10.3.1/../../../../arm-none-eabi/lib/thumb/v7-m/nofp\libc_nano.a
LOAD c:/st/stm32cubeide_1.7.0/stm32cubeide/plugins/com.st.stm32cube.ide.mcu.externaltools.gnu-tools-for-stm32.10.3-2021.10.win32_1.0.0.202111181127/tools/bin/../lib/gcc/arm-none-eabi/10.3.1/../../../../arm-none-eabi/lib/thumb/v7-m/nofp\libm.a
END GROUP
START GROUP
LOAD c:/st/stm32cubeide_1.7.0/stm32cubeide/plugins/com.st.stm32cube.ide.mcu.externaltools.gnu-tools-for-stm32.10.3-2021.10.win32_1.0.0.202111181127/tools/bin/../lib/gcc/arm-none-eabi/10.3.1/thumb/v7-m/nofp\libgcc.a
LOAD c:/st/stm32cubeide_1.7.0/stm32cubeide/plugins/com.st.stm32cube.ide.mcu.externaltools.gnu-tools-for-stm32.10.3-2021.10.win32_1.0.0.202111181127/tools/bin/../lib/gcc/arm-none-eabi/10.3.1/../../../../arm-none-eabi/lib/thumb/v7-m/nofp\libc_nano.a
END GROUP
START GROUP
LOAD c:/st/stm32cubeide_1.7.0/stm32cubeide/plugins/com.st.stm32cube.ide.mcu.externaltools.gnu-tools-for-stm32.10.3-2021.10.win32_1.0.0.202111181127/tools/bin/../lib/gcc/arm-none-eabi/10.3.1/thumb/v7-m/nofp\libgcc.a
LOAD c:/st/stm32cubeide_1.7.0/stm32cubeide/plugins/com.st.stm32cube.ide.mcu.externaltools.gnu-tools-for-stm32.10.3-2021.10.win32_1.0.0.202111181127/tools/bin/../lib/gcc/arm-none-eabi/10.3.1/../../../../arm-none-eabi/lib/thumb/v7-m/nofp\libc_nano.a
LOAD c:/st/stm32cubeide_1.7.0/stm32cubeide/plugins/com.st.stm32cube.ide.mcu.externaltools.gnu-tools-for-stm32.10.3-2021.10.win32_1.0.0.202111181127/tools/bin/../lib/gcc/arm-none-eabi/10.3.1/../../../../arm-none-eabi/lib/thumb/v7-m/nofp\libnosys.a
END GROUP
START GROUP
LOAD c:/st/stm32cubeide_1.7.0/stm32cubeide/plugins/com.st.stm32cube.ide.mcu.externaltools.gnu-tools-for-stm32.10.3-2021.10.win32_1.0.0.202111181127/tools/bin/../lib/gcc/arm-none-eabi/10.3.1/thumb/v7-m/nofp\libgcc.a
LOAD c:/st/stm32cubeide_1.7.0/stm32cubeide/plugins/com.st.stm32cube.ide.mcu.externaltools.gnu-tools-for-stm32.10.3-2021.10.win32_1.0.0.202111181127/tools/bin/../lib/gcc/arm-none-eabi/10.3.1/../../../../arm-none-eabi/lib/thumb/v7-m/nofp\libc_nano.a
LOAD c:/st/stm32cubeide_1.7.0/stm32cubeide/plugins/com.st.stm32cube.ide.mcu.externaltools.gnu-tools-for-stm32.10.3-2021.10.win32_1.0.0.202111181127/tools/bin/../lib/gcc/arm-none-eabi/10.3.1/../../../../arm-none-eabi/lib/thumb/v7-m/nofp\libnosys.a
END GROUP
LOAD c:/st/stm32cubeide_1.7.0/stm32cubeide/plugins/com.st.stm32cube.ide.mcu.externaltools.gnu-tools-for-stm32.10.3-2021.10.win32_1.0.0.202111181127/tools/bin/../lib/gcc/arm-none-eabi/10.3.1/thumb/v7-m/nofp/crtend.o
LOAD c:/st/stm32cubeide_1.7.0/stm32cubeide/plugins/com.st.stm32cube.ide.mcu.externaltools.gnu-tools-for-stm32.10.3-2021.10.win32_1.0.0.202111181127/tools/bin/../lib/gcc/arm-none-eabi/10.3.1/thumb/v7-m/nofp/crtn.o
                0x0000000020005000                _estack = (ORIGIN (RAM) + LENGTH (RAM))
                0x0000000000000200                _Min_Heap_Size = 0x200
                0x0000000000000400                _Min_Stack_Size = 0x400

.isr_vector     0x0000000008000000      0x10c
                0x0000000008000000                . = ALIGN (0x4)
 *(.isr_vector)
 .isr_vector    0x0000000008000000      0x10c ./Core/Startup/startup_stm32f103c8tx.o
                0x0000000008000000                g_pfnVectors
                0x000000000800010c                . = ALIGN (0x4)

.text           0x000000000800010c     0x84fc
                0x000000000800010c                . = ALIGN (0x4)
 *(.text)
 .text          0x000000000800010c       0x40 c:/st/stm32cubeide_1.7.0/stm32cubeide/plugins/com.st.stm32cube.ide.mcu.externaltools.gnu-tools-for-stm32.10.3-2021.10.win32_1.0.0.202111181127/tools/bin/../lib/gcc/arm-none-eabi/10.3.1/thumb/v7-m/nofp/crtbegin.o
 *(.text*)
 .text.lcd_send_cmd
                0x000000000800014c       0xcc ./Core/Src/i2c-lcd.o
                0x000000000800014c                lcd_send_cmd
 .text.lcd_send_data
                0x0000000008000218       0xcc ./Core/Src/i2c-lcd.o
                0x0000000008000218                lcd_send_data
 .text.lcd_clear
                0x00000000080002e4        0xe ./Core/Src/i2c-lcd.o
                0x00000000080002e4                lcd_clear
 *fill*         0x00000000080002f2        0x2 
 .text.lcd_put_cur
                0x00000000080002f4       0x64 ./Core/Src/i2c-lcd.o
                0x00000000080002f4                lcd_put_cur
 .text.lcd_init
                0x0000000008000358       0x90 ./Core/Src/i2c-lcd.o
                0x0000000008000358                lcd_init
 .text.lcd_send_string
                0x00000000080003e8       0x2a ./Core/Src/i2c-lcd.o
                0x00000000080003e8                lcd_send_string
 .text.lcd_test
                0x0000000008000412       0x48 ./Core/Src/i2c-lcd.o
                0x0000000008000412                lcd_test
 *fill*         0x000000000800045a        0x2 
 .text.lcd_backlight
                0x000000000800045c       0x24 ./Core/Src/i2c-lcd.o
                0x000000000800045c                lcd_backlight
 .text.main     0x0000000008000480       0x94 ./Core/Src/main.o
                0x0000000008000480                main
 .text.SystemClock_Config
                0x0000000008000514       0xb4 ./Core/Src/main.o
                0x0000000008000514                SystemClock_Config
 .text.MX_I2C1_Init
                0x00000000080005c8       0x5c ./Core/Src/main.o
 .text.MX_GPIO_Init
                0x0000000008000624       0xb0 ./Core/Src/main.o
 .text.Error_Handler
                0x00000000080006d4        0xa ./Core/Src/main.o
                0x00000000080006d4                Error_Handler
 *fill*         0x00000000080006de        0x2 
 .text.HAL_MspInit
                0x00000000080006e0       0x64 ./Core/Src/stm32f1xx_hal_msp.o
                0x00000000080006e0                HAL_MspInit
 .text.HAL_I2C_MspInit
                0x0000000008000744       0xa0 ./Core/Src/stm32f1xx_hal_msp.o
                0x0000000008000744                HAL_I2C_MspInit
 .text.NMI_Handler
                0x00000000080007e4        0x6 ./Core/Src/stm32f1xx_it.o
                0x00000000080007e4                NMI_Handler
 .text.HardFault_Handler
                0x00000000080007ea        0x6 ./Core/Src/stm32f1xx_it.o
                0x00000000080007ea                HardFault_Handler
 .text.MemManage_Handler
                0x00000000080007f0        0x6 ./Core/Src/stm32f1xx_it.o
                0x00000000080007f0                MemManage_Handler
 .text.BusFault_Handler
                0x00000000080007f6        0x6 ./Core/Src/stm32f1xx_it.o
                0x00000000080007f6                BusFault_Handler
 .text.UsageFault_Handler
                0x00000000080007fc        0x6 ./Core/Src/stm32f1xx_it.o
                0x00000000080007fc                UsageFault_Handler
 .text.SVC_Handler
                0x0000000008000802        0xc ./Core/Src/stm32f1xx_it.o
                0x0000000008000802                SVC_Handler
 .text.DebugMon_Handler
                0x000000000800080e        0xc ./Core/Src/stm32f1xx_it.o
                0x000000000800080e                DebugMon_Handler
 .text.PendSV_Handler
                0x000000000800081a        0xc ./Core/Src/stm32f1xx_it.o
                0x000000000800081a                PendSV_Handler
 .text.SysTick_Handler
                0x0000000008000826        0xc ./Core/Src/stm32f1xx_it.o
                0x0000000008000826                SysTick_Handler
 *fill*         0x0000000008000832        0x2 
 .text.USB_LP_CAN1_RX0_IRQHandler
                0x0000000008000834       0x14 ./Core/Src/stm32f1xx_it.o
                0x0000000008000834                USB_LP_CAN1_RX0_IRQHandler
 .text.SystemInit
                0x0000000008000848        0xc ./Core/Src/system_stm32f1xx.o
                0x0000000008000848                SystemInit
 .text.Reset_Handler
                0x0000000008000854       0x48 ./Core/Startup/startup_stm32f103c8tx.o
                0x0000000008000854                Reset_Handler
 .text.Default_Handler
                0x000000000800089c        0x2 ./Core/Startup/startup_stm32f103c8tx.o
                0x000000000800089c                RTC_Alarm_IRQHandler
                0x000000000800089c                EXTI2_IRQHandler
                0x000000000800089c                TIM1_CC_IRQHandler
                0x000000000800089c                PVD_IRQHandler
                0x000000000800089c                EXTI3_IRQHandler
                0x000000000800089c                EXTI0_IRQHandler
                0x000000000800089c                I2C2_EV_IRQHandler
                0x000000000800089c                ADC1_2_IRQHandler
                0x000000000800089c                SPI1_IRQHandler
                0x000000000800089c                TAMPER_IRQHandler
                0x000000000800089c                DMA1_Channel4_IRQHandler
                0x000000000800089c                USART3_IRQHandler
                0x000000000800089c                RTC_IRQHandler
                0x000000000800089c                DMA1_Channel7_IRQHandler
                0x000000000800089c                CAN1_RX1_IRQHandler
                0x000000000800089c                TIM4_IRQHandler
                0x000000000800089c                I2C1_EV_IRQHandler
                0x000000000800089c                DMA1_Channel6_IRQHandler
                0x000000000800089c                TIM3_IRQHandler
                0x000000000800089c                RCC_IRQHandler
                0x000000000800089c                TIM1_TRG_COM_IRQHandler
                0x000000000800089c                DMA1_Channel1_IRQHandler
                0x000000000800089c                Default_Handler
                0x000000000800089c                EXTI15_10_IRQHandler
                0x000000000800089c                EXTI9_5_IRQHandler
                0x000000000800089c                SPI2_IRQHandler
                0x000000000800089c                DMA1_Channel5_IRQHandler
                0x000000000800089c                EXTI4_IRQHandler
                0x000000000800089c                USB_HP_CAN1_TX_IRQHandler
                0x000000000800089c                DMA1_Channel3_IRQHandler
                0x000000000800089c                TIM1_UP_IRQHandler
                0x000000000800089c                WWDG_IRQHandler
                0x000000000800089c                TIM2_IRQHandler
                0x000000000800089c                TIM1_BRK_IRQHandler
                0x000000000800089c                EXTI1_IRQHandler
                0x000000000800089c                USART2_IRQHandler
                0x000000000800089c                I2C2_ER_IRQHandler
                0x000000000800089c                DMA1_Channel2_IRQHandler
                0x000000000800089c                CAN1_SCE_IRQHandler
                0x000000000800089c                FLASH_IRQHandler
                0x000000000800089c                USART1_IRQHandler
                0x000000000800089c                I2C1_ER_IRQHandler
                0x000000000800089c                USBWakeUp_IRQHandler
 *fill*         0x000000000800089e        0x2 
 .text.HAL_Init
                0x00000000080008a0       0x2c ./Drivers/STM32F1xx_HAL_Driver/Src/stm32f1xx_hal.o
                0x00000000080008a0                HAL_Init
 .text.HAL_InitTick
                0x00000000080008cc       0x60 ./Drivers/STM32F1xx_HAL_Driver/Src/stm32f1xx_hal.o
                0x00000000080008cc                HAL_InitTick
 .text.HAL_IncTick
                0x000000000800092c       0x24 ./Drivers/STM32F1xx_HAL_Driver/Src/stm32f1xx_hal.o
                0x000000000800092c                HAL_IncTick
 .text.HAL_GetTick
                0x0000000008000950       0x14 ./Drivers/STM32F1xx_HAL_Driver/Src/stm32f1xx_hal.o
                0x0000000008000950                HAL_GetTick
 .text.HAL_Delay
                0x0000000008000964       0x48 ./Drivers/STM32F1xx_HAL_Driver/Src/stm32f1xx_hal.o
                0x0000000008000964                HAL_Delay
 .text.__NVIC_SetPriorityGrouping
                0x00000000080009ac       0x48 ./Drivers/STM32F1xx_HAL_Driver/Src/stm32f1xx_hal_cortex.o
 .text.__NVIC_GetPriorityGrouping
                0x00000000080009f4       0x1c ./Drivers/STM32F1xx_HAL_Driver/Src/stm32f1xx_hal_cortex.o
 .text.__NVIC_EnableIRQ
                0x0000000008000a10       0x38 ./Drivers/STM32F1xx_HAL_Driver/Src/stm32f1xx_hal_cortex.o
 .text.__NVIC_SetPriority
                0x0000000008000a48       0x54 ./Drivers/STM32F1xx_HAL_Driver/Src/stm32f1xx_hal_cortex.o
 .text.NVIC_EncodePriority
                0x0000000008000a9c       0x64 ./Drivers/STM32F1xx_HAL_Driver/Src/stm32f1xx_hal_cortex.o
 .text.SysTick_Config
                0x0000000008000b00       0x44 ./Drivers/STM32F1xx_HAL_Driver/Src/stm32f1xx_hal_cortex.o
 .text.HAL_NVIC_SetPriorityGrouping
                0x0000000008000b44       0x16 ./Drivers/STM32F1xx_HAL_Driver/Src/stm32f1xx_hal_cortex.o
                0x0000000008000b44                HAL_NVIC_SetPriorityGrouping
 .text.HAL_NVIC_SetPriority
                0x0000000008000b5a       0x38 ./Drivers/STM32F1xx_HAL_Driver/Src/stm32f1xx_hal_cortex.o
                0x0000000008000b5a                HAL_NVIC_SetPriority
 .text.HAL_NVIC_EnableIRQ
                0x0000000008000b92       0x1c ./Drivers/STM32F1xx_HAL_Driver/Src/stm32f1xx_hal_cortex.o
                0x0000000008000b92                HAL_NVIC_EnableIRQ
 .text.HAL_SYSTICK_Config
                0x0000000008000bae       0x18 ./Drivers/STM32F1xx_HAL_Driver/Src/stm32f1xx_hal_cortex.o
                0x0000000008000bae                HAL_SYSTICK_Config
 *fill*         0x0000000008000bc6        0x2 
 .text.HAL_GPIO_Init
                0x0000000008000bc8      0x308 ./Drivers/STM32F1xx_HAL_Driver/Src/stm32f1xx_hal_gpio.o
                0x0000000008000bc8                HAL_GPIO_Init
 .text.HAL_GPIO_WritePin
                0x0000000008000ed0       0x30 ./Drivers/STM32F1xx_HAL_Driver/Src/stm32f1xx_hal_gpio.o
                0x0000000008000ed0                HAL_GPIO_WritePin
 .text.HAL_I2C_Init
                0x0000000008000f00      0x288 ./Drivers/STM32F1xx_HAL_Driver/Src/stm32f1xx_hal_i2c.o
                0x0000000008000f00                HAL_I2C_Init
 .text.HAL_I2C_Master_Transmit
                0x0000000008001188      0x1fc ./Drivers/STM32F1xx_HAL_Driver/Src/stm32f1xx_hal_i2c.o
                0x0000000008001188                HAL_I2C_Master_Transmit
 .text.I2C_MasterRequestWrite
                0x0000000008001384      0x104 ./Drivers/STM32F1xx_HAL_Driver/Src/stm32f1xx_hal_i2c.o
 .text.I2C_WaitOnFlagUntilTimeout
                0x0000000008001488       0xae ./Drivers/STM32F1xx_HAL_Driver/Src/stm32f1xx_hal_i2c.o
 .text.I2C_WaitOnMasterAddressFlagUntilTimeout
                0x0000000008001536       0xfe ./Drivers/STM32F1xx_HAL_Driver/Src/stm32f1xx_hal_i2c.o
 .text.I2C_WaitOnTXEFlagUntilTimeout
                0x0000000008001634       0x82 ./Drivers/STM32F1xx_HAL_Driver/Src/stm32f1xx_hal_i2c.o
 .text.I2C_WaitOnBTFFlagUntilTimeout
                0x00000000080016b6       0x82 ./Drivers/STM32F1xx_HAL_Driver/Src/stm32f1xx_hal_i2c.o
 .text.I2C_IsAcknowledgeFailed
                0x0000000008001738       0x5c ./Drivers/STM32F1xx_HAL_Driver/Src/stm32f1xx_hal_i2c.o
 .text.HAL_PCD_Init
                0x0000000008001794      0x216 ./Drivers/STM32F1xx_HAL_Driver/Src/stm32f1xx_hal_pcd.o
                0x0000000008001794                HAL_PCD_Init
 .text.HAL_PCD_Start
                0x00000000080019aa       0x4c ./Drivers/STM32F1xx_HAL_Driver/Src/stm32f1xx_hal_pcd.o
                0x00000000080019aa                HAL_PCD_Start
 .text.HAL_PCD_IRQHandler
                0x00000000080019f6      0x2a6 ./Drivers/STM32F1xx_HAL_Driver/Src/stm32f1xx_hal_pcd.o
                0x00000000080019f6                HAL_PCD_IRQHandler
 .text.HAL_PCD_SetAddress
                0x0000000008001c9c       0x4a ./Drivers/STM32F1xx_HAL_Driver/Src/stm32f1xx_hal_pcd.o
                0x0000000008001c9c                HAL_PCD_SetAddress
 .text.HAL_PCD_EP_Open
                0x0000000008001ce6       0xcc ./Drivers/STM32F1xx_HAL_Driver/Src/stm32f1xx_hal_pcd.o
                0x0000000008001ce6                HAL_PCD_EP_Open
 .text.HAL_PCD_EP_Close
                0x0000000008001db2       0x90 ./Drivers/STM32F1xx_HAL_Driver/Src/stm32f1xx_hal_pcd.o
                0x0000000008001db2                HAL_PCD_EP_Close
 .text.HAL_PCD_EP_Receive
                0x0000000008001e42       0x7a ./Drivers/STM32F1xx_HAL_Driver/Src/stm32f1xx_hal_pcd.o
                0x0000000008001e42                HAL_PCD_EP_Receive
 .text.HAL_PCD_EP_GetRxCount
                0x0000000008001ebc       0x2e ./Drivers/STM32F1xx_HAL_Driver/Src/stm32f1xx_hal_pcd.o
                0x0000000008001ebc                HAL_PCD_EP_GetRxCount
 .text.HAL_PCD_EP_Transmit
                0x0000000008001eea       0x86 ./Drivers/STM32F1xx_HAL_Driver/Src/stm32f1xx_hal_pcd.o
                0x0000000008001eea                HAL_PCD_EP_Transmit
 .text.HAL_PCD_EP_SetStall
                0x0000000008001f70       0xc0 ./Drivers/STM32F1xx_HAL_Driver/Src/stm32f1xx_hal_pcd.o
                0x0000000008001f70                HAL_PCD_EP_SetStall
 .text.HAL_PCD_EP_ClrStall
                0x0000000008002030       0xa8 ./Drivers/STM32F1xx_HAL_Driver/Src/stm32f1xx_hal_pcd.o
                0x0000000008002030                HAL_PCD_EP_ClrStall
 .text.PCD_EP_ISR_Handler
                0x00000000080020d8      0x600 ./Drivers/STM32F1xx_HAL_Driver/Src/stm32f1xx_hal_pcd.o
 .text.HAL_PCD_EP_DB_Receive
                0x00000000080026d8      0x21a ./Drivers/STM32F1xx_HAL_Driver/Src/stm32f1xx_hal_pcd.o
 .text.HAL_PCD_EP_DB_Transmit
                0x00000000080028f2      0x7a4 ./Drivers/STM32F1xx_HAL_Driver/Src/stm32f1xx_hal_pcd.o
 .text.HAL_PCDEx_PMAConfig
                0x0000000008003096       0x84 ./Drivers/STM32F1xx_HAL_Driver/Src/stm32f1xx_hal_pcd_ex.o
                0x0000000008003096                HAL_PCDEx_PMAConfig
 *fill*         0x000000000800311a        0x2 
 .text.HAL_RCC_OscConfig
                0x000000000800311c      0x504 ./Drivers/STM32F1xx_HAL_Driver/Src/stm32f1xx_hal_rcc.o
                0x000000000800311c                HAL_RCC_OscConfig
 .text.HAL_RCC_ClockConfig
                0x0000000008003620      0x1d4 ./Drivers/STM32F1xx_HAL_Driver/Src/stm32f1xx_hal_rcc.o
                0x0000000008003620                HAL_RCC_ClockConfig
 .text.HAL_RCC_GetSysClockFreq
                0x00000000080037f4       0xbc ./Drivers/STM32F1xx_HAL_Driver/Src/stm32f1xx_hal_rcc.o
                0x00000000080037f4                HAL_RCC_GetSysClockFreq
 .text.HAL_RCC_GetHCLKFreq
                0x00000000080038b0       0x14 ./Drivers/STM32F1xx_HAL_Driver/Src/stm32f1xx_hal_rcc.o
                0x00000000080038b0                HAL_RCC_GetHCLKFreq
 .text.HAL_RCC_GetPCLK1Freq
                0x00000000080038c4       0x28 ./Drivers/STM32F1xx_HAL_Driver/Src/stm32f1xx_hal_rcc.o
                0x00000000080038c4                HAL_RCC_GetPCLK1Freq
 .text.RCC_Delay
                0x00000000080038ec       0x3c ./Drivers/STM32F1xx_HAL_Driver/Src/stm32f1xx_hal_rcc.o
 .text.HAL_RCCEx_PeriphCLKConfig
                0x0000000008003928      0x16c ./Drivers/STM32F1xx_HAL_Driver/Src/stm32f1xx_hal_rcc_ex.o
                0x0000000008003928                HAL_RCCEx_PeriphCLKConfig
 .text.USB_CoreInit
                0x0000000008003a94       0x20 ./Drivers/STM32F1xx_HAL_Driver/Src/stm32f1xx_ll_usb.o
                0x0000000008003a94                USB_CoreInit
 .text.USB_EnableGlobalInt
                0x0000000008003ab4       0x2c ./Drivers/STM32F1xx_HAL_Driver/Src/stm32f1xx_ll_usb.o
                0x0000000008003ab4                USB_EnableGlobalInt
 .text.USB_DisableGlobalInt
                0x0000000008003ae0       0x34 ./Drivers/STM32F1xx_HAL_Driver/Src/stm32f1xx_ll_usb.o
                0x0000000008003ae0                USB_DisableGlobalInt
 .text.USB_SetCurrentMode
                0x0000000008003b14       0x18 ./Drivers/STM32F1xx_HAL_Driver/Src/stm32f1xx_ll_usb.o
                0x0000000008003b14                USB_SetCurrentMode
 .text.USB_DevInit
                0x0000000008003b2c       0x40 ./Drivers/STM32F1xx_HAL_Driver/Src/stm32f1xx_ll_usb.o
                0x0000000008003b2c                USB_DevInit
 .text.USB_ActivateEndpoint
                0x0000000008003b6c      0x6d4 ./Drivers/STM32F1xx_HAL_Driver/Src/stm32f1xx_ll_usb.o
                0x0000000008003b6c                USB_ActivateEndpoint
 .text.USB_DeactivateEndpoint
                0x0000000008004240      0x3d8 ./Drivers/STM32F1xx_HAL_Driver/Src/stm32f1xx_ll_usb.o
                0x0000000008004240                USB_DeactivateEndpoint
 .text.USB_EPStartXfer
                0x0000000008004618     0x1c70 ./Drivers/STM32F1xx_HAL_Driver/Src/stm32f1xx_ll_usb.o
                0x0000000008004618                USB_EPStartXfer
 .text.USB_EPSetStall
                0x0000000008006288       0xa0 ./Drivers/STM32F1xx_HAL_Driver/Src/stm32f1xx_ll_usb.o
                0x0000000008006288                USB_EPSetStall
 .text.USB_EPClearStall
                0x0000000008006328      0x15a ./Drivers/STM32F1xx_HAL_Driver/Src/stm32f1xx_ll_usb.o
                0x0000000008006328                USB_EPClearStall
 .text.USB_SetDevAddress
                0x0000000008006482       0x26 ./Drivers/STM32F1xx_HAL_Driver/Src/stm32f1xx_ll_usb.o
                0x0000000008006482                USB_SetDevAddress
 .text.USB_DevConnect
                0x00000000080064a8       0x14 ./Drivers/STM32F1xx_HAL_Driver/Src/stm32f1xx_ll_usb.o
                0x00000000080064a8                USB_DevConnect
 .text.USB_DevDisconnect
                0x00000000080064bc       0x14 ./Drivers/STM32F1xx_HAL_Driver/Src/stm32f1xx_ll_usb.o
                0x00000000080064bc                USB_DevDisconnect
 .text.USB_ReadInterrupts
                0x00000000080064d0       0x1e ./Drivers/STM32F1xx_HAL_Driver/Src/stm32f1xx_ll_usb.o
                0x00000000080064d0                USB_ReadInterrupts
 .text.USB_EP0_OutStart
                0x00000000080064ee       0x16 ./Drivers/STM32F1xx_HAL_Driver/Src/stm32f1xx_ll_usb.o
                0x00000000080064ee                USB_EP0_OutStart
 .text.USB_WritePMA
                0x0000000008006504       0x8a ./Drivers/STM32F1xx_HAL_Driver/Src/stm32f1xx_ll_usb.o
                0x0000000008006504                USB_WritePMA
 .text.USB_ReadPMA
                0x000000000800658e       0x9e ./Drivers/STM32F1xx_HAL_Driver/Src/stm32f1xx_ll_usb.o
                0x000000000800658e                USB_ReadPMA
 .text.USBD_CDC_Init
                0x000000000800662c       0xf4 ./Middlewares/ST/STM32_USB_Device_Library/Class/CDC/Src/usbd_cdc.o
 .text.USBD_CDC_DeInit
                0x0000000008006720       0x6e ./Middlewares/ST/STM32_USB_Device_Library/Class/CDC/Src/usbd_cdc.o
 .text.USBD_CDC_Setup
                0x000000000800678e      0x146 ./Middlewares/ST/STM32_USB_Device_Library/Class/CDC/Src/usbd_cdc.o
 .text.USBD_CDC_DataIn
                0x00000000080068d4       0xa6 ./Middlewares/ST/STM32_USB_Device_Library/Class/CDC/Src/usbd_cdc.o
 .text.USBD_CDC_DataOut
                0x000000000800697a       0x56 ./Middlewares/ST/STM32_USB_Device_Library/Class/CDC/Src/usbd_cdc.o
 .text.USBD_CDC_EP0_RxReady
                0x00000000080069d0       0x50 ./Middlewares/ST/STM32_USB_Device_Library/Class/CDC/Src/usbd_cdc.o
 .text.USBD_CDC_GetFSCfgDesc
                0x0000000008006a20       0x20 ./Middlewares/ST/STM32_USB_Device_Library/Class/CDC/Src/usbd_cdc.o
 .text.USBD_CDC_GetHSCfgDesc
                0x0000000008006a40       0x20 ./Middlewares/ST/STM32_USB_Device_Library/Class/CDC/Src/usbd_cdc.o
 .text.USBD_CDC_GetOtherSpeedCfgDesc
                0x0000000008006a60       0x20 ./Middlewares/ST/STM32_USB_Device_Library/Class/CDC/Src/usbd_cdc.o
 .text.USBD_CDC_GetDeviceQualifierDescriptor
                0x0000000008006a80       0x20 ./Middlewares/ST/STM32_USB_Device_Library/Class/CDC/Src/usbd_cdc.o
                0x0000000008006a80                USBD_CDC_GetDeviceQualifierDescriptor
 .text.USBD_CDC_RegisterInterface
                0x0000000008006aa0       0x2c ./Middlewares/ST/STM32_USB_Device_Library/Class/CDC/Src/usbd_cdc.o
                0x0000000008006aa0                USBD_CDC_RegisterInterface
 .text.USBD_CDC_SetTxBuffer
                0x0000000008006acc       0x32 ./Middlewares/ST/STM32_USB_Device_Library/Class/CDC/Src/usbd_cdc.o
                0x0000000008006acc                USBD_CDC_SetTxBuffer
 .text.USBD_CDC_SetRxBuffer
                0x0000000008006afe       0x26 ./Middlewares/ST/STM32_USB_Device_Library/Class/CDC/Src/usbd_cdc.o
                0x0000000008006afe                USBD_CDC_SetRxBuffer
 .text.USBD_CDC_ReceivePacket
                0x0000000008006b24       0x54 ./Middlewares/ST/STM32_USB_Device_Library/Class/CDC/Src/usbd_cdc.o
                0x0000000008006b24                USBD_CDC_ReceivePacket
 .text.USBD_Init
                0x0000000008006b78       0x56 ./Middlewares/ST/STM32_USB_Device_Library/Core/Src/usbd_core.o
                0x0000000008006b78                USBD_Init
 .text.USBD_RegisterClass
                0x0000000008006bce       0x32 ./Middlewares/ST/STM32_USB_Device_Library/Core/Src/usbd_core.o
                0x0000000008006bce                USBD_RegisterClass
 .text.USBD_Start
                0x0000000008006c00       0x18 ./Middlewares/ST/STM32_USB_Device_Library/Core/Src/usbd_core.o
                0x0000000008006c00                USBD_Start
 .text.USBD_RunTestMode
                0x0000000008006c18       0x14 ./Middlewares/ST/STM32_USB_Device_Library/Core/Src/usbd_core.o
                0x0000000008006c18                USBD_RunTestMode
 .text.USBD_SetClassConfig
                0x0000000008006c2c       0x3e ./Middlewares/ST/STM32_USB_Device_Library/Core/Src/usbd_core.o
                0x0000000008006c2c                USBD_SetClassConfig
 .text.USBD_ClrClassConfig
                0x0000000008006c6a       0x26 ./Middlewares/ST/STM32_USB_Device_Library/Core/Src/usbd_core.o
                0x0000000008006c6a                USBD_ClrClassConfig
 .text.USBD_LL_SetupStage
                0x0000000008006c90       0x9a ./Middlewares/ST/STM32_USB_Device_Library/Core/Src/usbd_core.o
                0x0000000008006c90                USBD_LL_SetupStage
 .text.USBD_LL_DataOutStage
                0x0000000008006d2a       0xe2 ./Middlewares/ST/STM32_USB_Device_Library/Core/Src/usbd_core.o
                0x0000000008006d2a                USBD_LL_DataOutStage
 .text.USBD_LL_DataInStage
                0x0000000008006e0c      0x14a ./Middlewares/ST/STM32_USB_Device_Library/Core/Src/usbd_core.o
                0x0000000008006e0c                USBD_LL_DataInStage
 .text.USBD_LL_Reset
                0x0000000008006f56       0x82 ./Middlewares/ST/STM32_USB_Device_Library/Core/Src/usbd_core.o
                0x0000000008006f56                USBD_LL_Reset
 .text.USBD_LL_SetSpeed
                0x0000000008006fd8       0x1e ./Middlewares/ST/STM32_USB_Device_Library/Core/Src/usbd_core.o
                0x0000000008006fd8                USBD_LL_SetSpeed
 .text.USBD_LL_Suspend
                0x0000000008006ff6       0x28 ./Middlewares/ST/STM32_USB_Device_Library/Core/Src/usbd_core.o
                0x0000000008006ff6                USBD_LL_Suspend
 .text.USBD_LL_Resume
                0x000000000800701e       0x2a ./Middlewares/ST/STM32_USB_Device_Library/Core/Src/usbd_core.o
                0x000000000800701e                USBD_LL_Resume
 .text.USBD_LL_SOF
                0x0000000008007048       0x34 ./Middlewares/ST/STM32_USB_Device_Library/Core/Src/usbd_core.o
                0x0000000008007048                USBD_LL_SOF
 .text.USBD_StdDevReq
                0x000000000800707c       0xd4 ./Middlewares/ST/STM32_USB_Device_Library/Core/Src/usbd_ctlreq.o
                0x000000000800707c                USBD_StdDevReq
 .text.USBD_StdItfReq
                0x0000000008007150       0x90 ./Middlewares/ST/STM32_USB_Device_Library/Core/Src/usbd_ctlreq.o
                0x0000000008007150                USBD_StdItfReq
 .text.USBD_StdEPReq
                0x00000000080071e0      0x2c6 ./Middlewares/ST/STM32_USB_Device_Library/Core/Src/usbd_ctlreq.o
                0x00000000080071e0                USBD_StdEPReq
 *fill*         0x00000000080074a6        0x2 
 .text.USBD_GetDescriptor
                0x00000000080074a8      0x2d0 ./Middlewares/ST/STM32_USB_Device_Library/Core/Src/usbd_ctlreq.o
 .text.USBD_SetAddress
                0x0000000008007778       0x86 ./Middlewares/ST/STM32_USB_Device_Library/Core/Src/usbd_ctlreq.o
 *fill*         0x00000000080077fe        0x2 
 .text.USBD_SetConfig
                0x0000000008007800      0x11c ./Middlewares/ST/STM32_USB_Device_Library/Core/Src/usbd_ctlreq.o
 .text.USBD_GetConfig
                0x000000000800791c       0x6a ./Middlewares/ST/STM32_USB_Device_Library/Core/Src/usbd_ctlreq.o
 .text.USBD_GetStatus
                0x0000000008007986       0x66 ./Middlewares/ST/STM32_USB_Device_Library/Core/Src/usbd_ctlreq.o
 .text.USBD_SetFeature
                0x00000000080079ec       0x28 ./Middlewares/ST/STM32_USB_Device_Library/Core/Src/usbd_ctlreq.o
 .text.USBD_ClrFeature
                0x0000000008007a14       0x42 ./Middlewares/ST/STM32_USB_Device_Library/Core/Src/usbd_ctlreq.o
 .text.USBD_ParseSetupRequest
                0x0000000008007a56       0x78 ./Middlewares/ST/STM32_USB_Device_Library/Core/Src/usbd_ctlreq.o
                0x0000000008007a56                USBD_ParseSetupRequest
 .text.USBD_CtlError
                0x0000000008007ace       0x22 ./Middlewares/ST/STM32_USB_Device_Library/Core/Src/usbd_ctlreq.o
                0x0000000008007ace                USBD_CtlError
 .text.USBD_GetString
                0x0000000008007af0       0x84 ./Middlewares/ST/STM32_USB_Device_Library/Core/Src/usbd_ctlreq.o
                0x0000000008007af0                USBD_GetString
 .text.USBD_GetLen
                0x0000000008007b74       0x2e ./Middlewares/ST/STM32_USB_Device_Library/Core/Src/usbd_ctlreq.o
 .text.USBD_CtlSendData
                0x0000000008007ba2       0x38 ./Middlewares/ST/STM32_USB_Device_Library/Core/Src/usbd_ioreq.o
                0x0000000008007ba2                USBD_CtlSendData
 .text.USBD_CtlContinueSendData
                0x0000000008007bda       0x24 ./Middlewares/ST/STM32_USB_Device_Library/Core/Src/usbd_ioreq.o
                0x0000000008007bda                USBD_CtlContinueSendData
 .text.USBD_CtlPrepareRx
                0x0000000008007bfe       0x3c ./Middlewares/ST/STM32_USB_Device_Library/Core/Src/usbd_ioreq.o
                0x0000000008007bfe                USBD_CtlPrepareRx
 .text.USBD_CtlContinueRx
                0x0000000008007c3a       0x24 ./Middlewares/ST/STM32_USB_Device_Library/Core/Src/usbd_ioreq.o
                0x0000000008007c3a                USBD_CtlContinueRx
 .text.USBD_CtlSendStatus
                0x0000000008007c5e       0x26 ./Middlewares/ST/STM32_USB_Device_Library/Core/Src/usbd_ioreq.o
                0x0000000008007c5e                USBD_CtlSendStatus
 .text.USBD_CtlReceiveStatus
                0x0000000008007c84       0x26 ./Middlewares/ST/STM32_USB_Device_Library/Core/Src/usbd_ioreq.o
                0x0000000008007c84                USBD_CtlReceiveStatus
 *fill*         0x0000000008007caa        0x2 
 .text.MX_USB_DEVICE_Init
                0x0000000008007cac       0x60 ./USB_DEVICE/App/usb_device.o
                0x0000000008007cac                MX_USB_DEVICE_Init
 .text.CDC_Init_FS
                0x0000000008007d0c       0x28 ./USB_DEVICE/App/usbd_cdc_if.o
 .text.CDC_DeInit_FS
                0x0000000008007d34        0xe ./USB_DEVICE/App/usbd_cdc_if.o
 *fill*         0x0000000008007d42        0x2 
 .text.CDC_Control_FS
                0x0000000008007d44       0xbc ./USB_DEVICE/App/usbd_cdc_if.o
 .text.CDC_Receive_FS
                0x0000000008007e00       0x28 ./USB_DEVICE/App/usbd_cdc_if.o
 .text.USBD_FS_DeviceDescriptor
                0x0000000008007e28       0x24 ./USB_DEVICE/App/usbd_desc.o
                0x0000000008007e28                USBD_FS_DeviceDescriptor
 .text.USBD_FS_LangIDStrDescriptor
                0x0000000008007e4c       0x24 ./USB_DEVICE/App/usbd_desc.o
                0x0000000008007e4c                USBD_FS_LangIDStrDescriptor
 .text.USBD_FS_ProductStrDescriptor
                0x0000000008007e70       0x3c ./USB_DEVICE/App/usbd_desc.o
                0x0000000008007e70                USBD_FS_ProductStrDescriptor
 .text.USBD_FS_ManufacturerStrDescriptor
                0x0000000008007eac       0x28 ./USB_DEVICE/App/usbd_desc.o
                0x0000000008007eac                USBD_FS_ManufacturerStrDescriptor
 .text.USBD_FS_SerialStrDescriptor
                0x0000000008007ed4       0x24 ./USB_DEVICE/App/usbd_desc.o
                0x0000000008007ed4                USBD_FS_SerialStrDescriptor
 .text.USBD_FS_ConfigStrDescriptor
                0x0000000008007ef8       0x3c ./USB_DEVICE/App/usbd_desc.o
                0x0000000008007ef8                USBD_FS_ConfigStrDescriptor
 .text.USBD_FS_InterfaceStrDescriptor
                0x0000000008007f34       0x3c ./USB_DEVICE/App/usbd_desc.o
                0x0000000008007f34                USBD_FS_InterfaceStrDescriptor
 .text.Get_SerialNum
                0x0000000008007f70       0x58 ./USB_DEVICE/App/usbd_desc.o
 .text.IntToUnicode
                0x0000000008007fc8       0x7c ./USB_DEVICE/App/usbd_desc.o
 .text.HAL_PCD_MspInit
                0x0000000008008044       0x4c ./USB_DEVICE/Target/usbd_conf.o
                0x0000000008008044                HAL_PCD_MspInit
 .text.HAL_PCD_SetupStageCallback
                0x0000000008008090       0x24 ./USB_DEVICE/Target/usbd_conf.o
                0x0000000008008090                HAL_PCD_SetupStageCallback
 .text.HAL_PCD_DataOutStageCallback
                0x00000000080080b4       0x36 ./USB_DEVICE/Target/usbd_conf.o
                0x00000000080080b4                HAL_PCD_DataOutStageCallback
 .text.HAL_PCD_DataInStageCallback
                0x00000000080080ea       0x34 ./USB_DEVICE/Target/usbd_conf.o
                0x00000000080080ea                HAL_PCD_DataInStageCallback
 .text.HAL_PCD_SOFCallback
                0x000000000800811e       0x1c ./USB_DEVICE/Target/usbd_conf.o
                0x000000000800811e                HAL_PCD_SOFCallback
 .text.HAL_PCD_ResetCallback
                0x000000000800813a       0x3c ./USB_DEVICE/Target/usbd_conf.o
                0x000000000800813a                HAL_PCD_ResetCallback
 *fill*         0x0000000008008176        0x2 
 .text.HAL_PCD_SuspendCallback
                0x0000000008008178       0x34 ./USB_DEVICE/Target/usbd_conf.o
                0x0000000008008178                HAL_PCD_SuspendCallback
 .text.HAL_PCD_ResumeCallback
                0x00000000080081ac       0x1c ./USB_DEVICE/Target/usbd_conf.o
                0x00000000080081ac                HAL_PCD_ResumeCallback
 .text.USBD_LL_Init
                0x00000000080081c8       0xb4 ./USB_DEVICE/Target/usbd_conf.o
                0x00000000080081c8                USBD_LL_Init
 .text.USBD_LL_Start
                0x000000000800827c       0x36 ./USB_DEVICE/Target/usbd_conf.o
                0x000000000800827c                USBD_LL_Start
 .text.USBD_LL_OpenEP
                0x00000000080082b2       0x4c ./USB_DEVICE/Target/usbd_conf.o
                0x00000000080082b2                USBD_LL_OpenEP
 .text.USBD_LL_CloseEP
                0x00000000080082fe       0x3e ./USB_DEVICE/Target/usbd_conf.o
                0x00000000080082fe                USBD_LL_CloseEP
 .text.USBD_LL_StallEP
                0x000000000800833c       0x3e ./USB_DEVICE/Target/usbd_conf.o
                0x000000000800833c                USBD_LL_StallEP
 .text.USBD_LL_ClearStallEP
                0x000000000800837a       0x3e ./USB_DEVICE/Target/usbd_conf.o
                0x000000000800837a                USBD_LL_ClearStallEP
 .text.USBD_LL_IsStallEP
                0x00000000080083b8       0x58 ./USB_DEVICE/Target/usbd_conf.o
                0x00000000080083b8                USBD_LL_IsStallEP
 .text.USBD_LL_SetUSBAddress
                0x0000000008008410       0x3e ./USB_DEVICE/Target/usbd_conf.o
                0x0000000008008410                USBD_LL_SetUSBAddress
 .text.USBD_LL_Transmit
                0x000000000800844e       0x46 ./USB_DEVICE/Target/usbd_conf.o
                0x000000000800844e                USBD_LL_Transmit
 .text.USBD_LL_PrepareReceive
                0x0000000008008494       0x46 ./USB_DEVICE/Target/usbd_conf.o
                0x0000000008008494                USBD_LL_PrepareReceive
 .text.USBD_LL_GetRxDataSize
                0x00000000080084da       0x26 ./USB_DEVICE/Target/usbd_conf.o
                0x00000000080084da                USBD_LL_GetRxDataSize
 .text.USBD_static_malloc
                0x0000000008008500       0x18 ./USB_DEVICE/Target/usbd_conf.o
                0x0000000008008500                USBD_static_malloc
 .text.USBD_static_free
                0x0000000008008518       0x12 ./USB_DEVICE/Target/usbd_conf.o
                0x0000000008008518                USBD_static_free
 .text.HAL_PCDEx_SetConnectionState
                0x000000000800852a       0x16 ./USB_DEVICE/Target/usbd_conf.o
                0x000000000800852a                HAL_PCDEx_SetConnectionState
 .text.USBD_Get_USB_Status
                0x0000000008008540       0x58 ./USB_DEVICE/Target/usbd_conf.o
 .text.__libc_init_array
                0x0000000008008598       0x48 c:/st/stm32cubeide_1.7.0/stm32cubeide/plugins/com.st.stm32cube.ide.mcu.externaltools.gnu-tools-for-stm32.10.3-2021.10.win32_1.0.0.202111181127/tools/bin/../lib/gcc/arm-none-eabi/10.3.1/../../../../arm-none-eabi/lib/thumb/v7-m/nofp\libc_nano.a(lib_a-init.o)
                0x0000000008008598                __libc_init_array
 .text.memset   0x00000000080085e0       0x10 c:/st/stm32cubeide_1.7.0/stm32cubeide/plugins/com.st.stm32cube.ide.mcu.externaltools.gnu-tools-for-stm32.10.3-2021.10.win32_1.0.0.202111181127/tools/bin/../lib/gcc/arm-none-eabi/10.3.1/../../../../arm-none-eabi/lib/thumb/v7-m/nofp\libc_nano.a(lib_a-memset.o)
                0x00000000080085e0                memset
 *(.glue_7)
 .glue_7        0x00000000080085f0        0x0 linker stubs
 *(.glue_7t)
 .glue_7t       0x00000000080085f0        0x0 linker stubs
 *(.eh_frame)
 .eh_frame      0x00000000080085f0        0x0 c:/st/stm32cubeide_1.7.0/stm32cubeide/plugins/com.st.stm32cube.ide.mcu.externaltools.gnu-tools-for-stm32.10.3-2021.10.win32_1.0.0.202111181127/tools/bin/../lib/gcc/arm-none-eabi/10.3.1/thumb/v7-m/nofp/crtbegin.o
 *(.init)
 .init          0x00000000080085f0        0x4 c:/st/stm32cubeide_1.7.0/stm32cubeide/plugins/com.st.stm32cube.ide.mcu.externaltools.gnu-tools-for-stm32.10.3-2021.10.win32_1.0.0.202111181127/tools/bin/../lib/gcc/arm-none-eabi/10.3.1/thumb/v7-m/nofp/crti.o
                0x00000000080085f0                _init
 .init          0x00000000080085f4        0x8 c:/st/stm32cubeide_1.7.0/stm32cubeide/plugins/com.st.stm32cube.ide.mcu.externaltools.gnu-tools-for-stm32.10.3-2021.10.win32_1.0.0.202111181127/tools/bin/../lib/gcc/arm-none-eabi/10.3.1/thumb/v7-m/nofp/crtn.o
 *(.fini)
 .fini          0x00000000080085fc        0x4 c:/st/stm32cubeide_1.7.0/stm32cubeide/plugins/com.st.stm32cube.ide.mcu.externaltools.gnu-tools-for-stm32.10.3-2021.10.win32_1.0.0.202111181127/tools/bin/../lib/gcc/arm-none-eabi/10.3.1/thumb/v7-m/nofp/crti.o
                0x00000000080085fc                _fini
 .fini          0x0000000008008600        0x8 c:/st/stm32cubeide_1.7.0/stm32cubeide/plugins/com.st.stm32cube.ide.mcu.externaltools.gnu-tools-for-stm32.10.3-2021.10.win32_1.0.0.202111181127/tools/bin/../lib/gcc/arm-none-eabi/10.3.1/thumb/v7-m/nofp/crtn.o
                0x0000000008008608                . = ALIGN (0x4)
                0x0000000008008608                _etext = .

.vfp11_veneer   0x0000000008008608        0x0
 .vfp11_veneer  0x0000000008008608        0x0 linker stubs

.v4_bx          0x0000000008008608        0x0
 .v4_bx         0x0000000008008608        0x0 linker stubs

.iplt           0x0000000008008608        0x0
 .iplt          0x0000000008008608        0x0 c:/st/stm32cubeide_1.7.0/stm32cubeide/plugins/com.st.stm32cube.ide.mcu.externaltools.gnu-tools-for-stm32.10.3-2021.10.win32_1.0.0.202111181127/tools/bin/../lib/gcc/arm-none-eabi/10.3.1/thumb/v7-m/nofp/crtbegin.o

.rodata         0x0000000008008608       0xac
                0x0000000008008608                . = ALIGN (0x4)
 *(.rodata)
 .rodata        0x0000000008008608       0x46 ./Core/Src/main.o
 *fill*         0x000000000800864e        0x2 
 .rodata        0x0000000008008650       0x10 ./Drivers/STM32F1xx_HAL_Driver/Src/stm32f1xx_hal_rcc.o
 .rodata        0x0000000008008660       0x3a ./USB_DEVICE/App/usbd_desc.o
 *(.rodata*)
 *fill*         0x000000000800869a        0x2 
 .rodata.AHBPrescTable
                0x000000000800869c       0x10 ./Core/Src/system_stm32f1xx.o
                0x000000000800869c                AHBPrescTable
 .rodata.APBPrescTable
                0x00000000080086ac        0x8 ./Core/Src/system_stm32f1xx.o
                0x00000000080086ac                APBPrescTable
                0x00000000080086b4                . = ALIGN (0x4)

.rel.dyn        0x00000000080086b4        0x0
 .rel.iplt      0x00000000080086b4        0x0 c:/st/stm32cubeide_1.7.0/stm32cubeide/plugins/com.st.stm32cube.ide.mcu.externaltools.gnu-tools-for-stm32.10.3-2021.10.win32_1.0.0.202111181127/tools/bin/../lib/gcc/arm-none-eabi/10.3.1/thumb/v7-m/nofp/crtbegin.o

.ARM.extab      0x00000000080086b4        0x0
                0x00000000080086b4                . = ALIGN (0x4)
 *(.ARM.extab* .gnu.linkonce.armextab.*)
                0x00000000080086b4                . = ALIGN (0x4)

.ARM            0x00000000080086b4        0x0
                0x00000000080086b4                . = ALIGN (0x4)
                0x00000000080086b4                __exidx_start = .
 *(.ARM.exidx*)
                0x00000000080086b4                __exidx_end = .
                0x00000000080086b4                . = ALIGN (0x4)

.preinit_array  0x00000000080086b4        0x0
                0x00000000080086b4                . = ALIGN (0x4)
                0x00000000080086b4                PROVIDE (__preinit_array_start = .)
 *(.preinit_array*)
                0x00000000080086b4                PROVIDE (__preinit_array_end = .)
                0x00000000080086b4                . = ALIGN (0x4)

.init_array     0x00000000080086b4        0x4
                0x00000000080086b4                . = ALIGN (0x4)
                0x00000000080086b4                PROVIDE (__init_array_start = .)
 *(SORT_BY_NAME(.init_array.*))
 *(.init_array*)
 .init_array    0x00000000080086b4        0x4 c:/st/stm32cubeide_1.7.0/stm32cubeide/plugins/com.st.stm32cube.ide.mcu.externaltools.gnu-tools-for-stm32.10.3-2021.10.win32_1.0.0.202111181127/tools/bin/../lib/gcc/arm-none-eabi/10.3.1/thumb/v7-m/nofp/crtbegin.o
                0x00000000080086b8                PROVIDE (__init_array_end = .)
                0x00000000080086b8                . = ALIGN (0x4)

.fini_array     0x00000000080086b8        0x4
                0x00000000080086b8                . = ALIGN (0x4)
                [!provide]                        PROVIDE (__fini_array_start = .)
 *(SORT_BY_NAME(.fini_array.*))
 *(.fini_array*)
 .fini_array    0x00000000080086b8        0x4 c:/st/stm32cubeide_1.7.0/stm32cubeide/plugins/com.st.stm32cube.ide.mcu.externaltools.gnu-tools-for-stm32.10.3-2021.10.win32_1.0.0.202111181127/tools/bin/../lib/gcc/arm-none-eabi/10.3.1/thumb/v7-m/nofp/crtbegin.o
                [!provide]                        PROVIDE (__fini_array_end = .)
                0x00000000080086bc                . = ALIGN (0x4)
                0x00000000080086bc                _sidata = LOADADDR (.data)

.data           0x0000000020000000      0x17c load address 0x00000000080086bc
                0x0000000020000000                . = ALIGN (0x4)
                0x0000000020000000                _sdata = .
 *(.data)
 *(.data*)
 .data.SystemCoreClock
                0x0000000020000000        0x4 ./Core/Src/system_stm32f1xx.o
                0x0000000020000000                SystemCoreClock
 .data.uwTickPrio
                0x0000000020000004        0x4 ./Drivers/STM32F1xx_HAL_Driver/Src/stm32f1xx_hal.o
                0x0000000020000004                uwTickPrio
 .data.uwTickFreq
                0x0000000020000008        0x1 ./Drivers/STM32F1xx_HAL_Driver/Src/stm32f1xx_hal.o
                0x0000000020000008                uwTickFreq
 *fill*         0x0000000020000009        0x3 
 .data.USBD_CDC_DeviceQualifierDesc
                0x000000002000000c        0xa ./Middlewares/ST/STM32_USB_Device_Library/Class/CDC/Src/usbd_cdc.o
 *fill*         0x0000000020000016        0x2 
 .data.USBD_CDC
                0x0000000020000018       0x38 ./Middlewares/ST/STM32_USB_Device_Library/Class/CDC/Src/usbd_cdc.o
                0x0000000020000018                USBD_CDC
 .data.USBD_CDC_CfgHSDesc
                0x0000000020000050       0x43 ./Middlewares/ST/STM32_USB_Device_Library/Class/CDC/Src/usbd_cdc.o
                0x0000000020000050                USBD_CDC_CfgHSDesc
 *fill*         0x0000000020000093        0x1 
 .data.USBD_CDC_CfgFSDesc
                0x0000000020000094       0x43 ./Middlewares/ST/STM32_USB_Device_Library/Class/CDC/Src/usbd_cdc.o
                0x0000000020000094                USBD_CDC_CfgFSDesc
 *fill*         0x00000000200000d7        0x1 
 .data.USBD_CDC_OtherSpeedCfgDesc
                0x00000000200000d8       0x43 ./Middlewares/ST/STM32_USB_Device_Library/Class/CDC/Src/usbd_cdc.o
                0x00000000200000d8                USBD_CDC_OtherSpeedCfgDesc
 *fill*         0x000000002000011b        0x1 
 .data.USBD_Interface_fops_FS
                0x000000002000011c       0x10 ./USB_DEVICE/App/usbd_cdc_if.o
                0x000000002000011c                USBD_Interface_fops_FS
 .data.FS_Desc  0x000000002000012c       0x1c ./USB_DEVICE/App/usbd_desc.o
                0x000000002000012c                FS_Desc
 .data.USBD_FS_DeviceDesc
                0x0000000020000148       0x12 ./USB_DEVICE/App/usbd_desc.o
                0x0000000020000148                USBD_FS_DeviceDesc
 *fill*         0x000000002000015a        0x2 
 .data.USBD_LangIDDesc
                0x000000002000015c        0x4 ./USB_DEVICE/App/usbd_desc.o
                0x000000002000015c                USBD_LangIDDesc
 .data.USBD_StringSerial
                0x0000000020000160       0x1a ./USB_DEVICE/App/usbd_desc.o
                0x0000000020000160                USBD_StringSerial
 *(.RamFunc)
 *(.RamFunc*)
                0x000000002000017c                . = ALIGN (0x4)
 *fill*         0x000000002000017a        0x2 
                0x000000002000017c                _edata = .

.igot.plt       0x000000002000017c        0x0 load address 0x0000000008008838
 .igot.plt      0x000000002000017c        0x0 c:/st/stm32cubeide_1.7.0/stm32cubeide/plugins/com.st.stm32cube.ide.mcu.externaltools.gnu-tools-for-stm32.10.3-2021.10.win32_1.0.0.202111181127/tools/bin/../lib/gcc/arm-none-eabi/10.3.1/thumb/v7-m/nofp/crtbegin.o
                0x000000002000017c                . = ALIGN (0x4)

.bss            0x000000002000017c     0x121c load address 0x0000000008008838
                0x000000002000017c                _sbss = .
                0x000000002000017c                __bss_start__ = _sbss
 *(.bss)
 .bss           0x000000002000017c       0x1c c:/st/stm32cubeide_1.7.0/stm32cubeide/plugins/com.st.stm32cube.ide.mcu.externaltools.gnu-tools-for-stm32.10.3-2021.10.win32_1.0.0.202111181127/tools/bin/../lib/gcc/arm-none-eabi/10.3.1/thumb/v7-m/nofp/crtbegin.o
 *(.bss*)
 .bss.LCD_SLAVE_ADDRESS
                0x0000000020000198        0x1 ./Core/Src/i2c-lcd.o
                0x0000000020000198                LCD_SLAVE_ADDRESS
 .bss.LCD_BACKLIGHT
                0x0000000020000199        0x1 ./Core/Src/i2c-lcd.o
                0x0000000020000199                LCD_BACKLIGHT
 *fill*         0x000000002000019a        0x2 
 .bss.hi2c1     0x000000002000019c       0x54 ./Core/Src/main.o
                0x000000002000019c                hi2c1
 .bss.uwTick    0x00000000200001f0        0x4 ./Drivers/STM32F1xx_HAL_Driver/Src/stm32f1xx_hal.o
                0x00000000200001f0                uwTick
 .bss.cfgidx.0  0x00000000200001f4        0x1 ./Middlewares/ST/STM32_USB_Device_Library/Core/Src/usbd_ctlreq.o
 *fill*         0x00000000200001f5        0x3 
 .bss.hUsbDeviceFS
                0x00000000200001f8      0x2c4 ./USB_DEVICE/App/usb_device.o
                0x00000000200001f8                hUsbDeviceFS
 .bss.UserRxBufferFS
                0x00000000200004bc      0x3e8 ./USB_DEVICE/App/usbd_cdc_if.o
                0x00000000200004bc                UserRxBufferFS
 .bss.UserTxBufferFS
                0x00000000200008a4      0x3e8 ./USB_DEVICE/App/usbd_cdc_if.o
                0x00000000200008a4                UserTxBufferFS
 .bss.USBD_StrDesc
                0x0000000020000c8c      0x200 ./USB_DEVICE/App/usbd_desc.o
                0x0000000020000c8c                USBD_StrDesc
 .bss.hpcd_USB_FS
                0x0000000020000e8c      0x2ec ./USB_DEVICE/Target/usbd_conf.o
                0x0000000020000e8c                hpcd_USB_FS
 .bss.mem.0     0x0000000020001178      0x220 ./USB_DEVICE/Target/usbd_conf.o
 *(COMMON)
                0x0000000020001398                . = ALIGN (0x4)
                0x0000000020001398                _ebss = .
                0x0000000020001398                __bss_end__ = _ebss

._user_heap_stack
                0x0000000020001398      0x600 load address 0x0000000008008838
                0x0000000020001398                . = ALIGN (0x8)
                [!provide]                        PROVIDE (end = .)
                0x0000000020001398                PROVIDE (_end = .)
                0x0000000020001598                . = (. + _Min_Heap_Size)
 *fill*         0x0000000020001398      0x200 
                0x0000000020001998                . = (. + _Min_Stack_Size)
 *fill*         0x0000000020001598      0x400 
                0x0000000020001998                . = ALIGN (0x8)

/DISCARD/
 libc.a(*)
 libm.a(*)
 libgcc.a(*)

.ARM.attributes
                0x0000000000000000       0x29
 *(.ARM.attributes)
 .ARM.attributes
                0x0000000000000000       0x1d c:/st/stm32cubeide_1.7.0/stm32cubeide/plugins/com.st.stm32cube.ide.mcu.externaltools.gnu-tools-for-stm32.10.3-2021.10.win32_1.0.0.202111181127/tools/bin/../lib/gcc/arm-none-eabi/10.3.1/thumb/v7-m/nofp/crti.o
 .ARM.attributes
                0x000000000000001d       0x2d c:/st/stm32cubeide_1.7.0/stm32cubeide/plugins/com.st.stm32cube.ide.mcu.externaltools.gnu-tools-for-stm32.10.3-2021.10.win32_1.0.0.202111181127/tools/bin/../lib/gcc/arm-none-eabi/10.3.1/thumb/v7-m/nofp/crtbegin.o
 .ARM.attributes
                0x000000000000004a       0x2d ./Core/Src/i2c-lcd.o
 .ARM.attributes
                0x0000000000000077       0x2d ./Core/Src/main.o
 .ARM.attributes
                0x00000000000000a4       0x2d ./Core/Src/stm32f1xx_hal_msp.o
 .ARM.attributes
                0x00000000000000d1       0x2d ./Core/Src/stm32f1xx_it.o
 .ARM.attributes
                0x00000000000000fe       0x2d ./Core/Src/system_stm32f1xx.o
 .ARM.attributes
                0x000000000000012b       0x21 ./Core/Startup/startup_stm32f103c8tx.o
 .ARM.attributes
                0x000000000000014c       0x2d ./Drivers/STM32F1xx_HAL_Driver/Src/stm32f1xx_hal.o
 .ARM.attributes
                0x0000000000000179       0x2d ./Drivers/STM32F1xx_HAL_Driver/Src/stm32f1xx_hal_cortex.o
 .ARM.attributes
                0x00000000000001a6       0x2d ./Drivers/STM32F1xx_HAL_Driver/Src/stm32f1xx_hal_gpio.o
 .ARM.attributes
                0x00000000000001d3       0x2d ./Drivers/STM32F1xx_HAL_Driver/Src/stm32f1xx_hal_i2c.o
 .ARM.attributes
                0x0000000000000200       0x2d ./Drivers/STM32F1xx_HAL_Driver/Src/stm32f1xx_hal_pcd.o
 .ARM.attributes
                0x000000000000022d       0x2d ./Drivers/STM32F1xx_HAL_Driver/Src/stm32f1xx_hal_pcd_ex.o
 .ARM.attributes
                0x000000000000025a       0x2d ./Drivers/STM32F1xx_HAL_Driver/Src/stm32f1xx_hal_rcc.o
 .ARM.attributes
                0x0000000000000287       0x2d ./Drivers/STM32F1xx_HAL_Driver/Src/stm32f1xx_hal_rcc_ex.o
 .ARM.attributes
                0x00000000000002b4       0x2d ./Drivers/STM32F1xx_HAL_Driver/Src/stm32f1xx_ll_usb.o
 .ARM.attributes
                0x00000000000002e1       0x2d ./Middlewares/ST/STM32_USB_Device_Library/Class/CDC/Src/usbd_cdc.o
 .ARM.attributes
                0x000000000000030e       0x2d ./Middlewares/ST/STM32_USB_Device_Library/Core/Src/usbd_core.o
 .ARM.attributes
                0x000000000000033b       0x2d ./Middlewares/ST/STM32_USB_Device_Library/Core/Src/usbd_ctlreq.o
 .ARM.attributes
                0x0000000000000368       0x2d ./Middlewares/ST/STM32_USB_Device_Library/Core/Src/usbd_ioreq.o
 .ARM.attributes
                0x0000000000000395       0x2d ./USB_DEVICE/App/usb_device.o
 .ARM.attributes
                0x00000000000003c2       0x2d ./USB_DEVICE/App/usbd_cdc_if.o
 .ARM.attributes
                0x00000000000003ef       0x2d ./USB_DEVICE/App/usbd_desc.o
 .ARM.attributes
                0x000000000000041c       0x2d ./USB_DEVICE/Target/usbd_conf.o
 .ARM.attributes
                0x0000000000000449       0x2d c:/st/stm32cubeide_1.7.0/stm32cubeide/plugins/com.st.stm32cube.ide.mcu.externaltools.gnu-tools-for-stm32.10.3-2021.10.win32_1.0.0.202111181127/tools/bin/../lib/gcc/arm-none-eabi/10.3.1/../../../../arm-none-eabi/lib/thumb/v7-m/nofp\libc_nano.a(lib_a-init.o)
 .ARM.attributes
                0x0000000000000476       0x2d c:/st/stm32cubeide_1.7.0/stm32cubeide/plugins/com.st.stm32cube.ide.mcu.externaltools.gnu-tools-for-stm32.10.3-2021.10.win32_1.0.0.202111181127/tools/bin/../lib/gcc/arm-none-eabi/10.3.1/../../../../arm-none-eabi/lib/thumb/v7-m/nofp\libc_nano.a(lib_a-memset.o)
 .ARM.attributes
                0x00000000000004a3       0x1d c:/st/stm32cubeide_1.7.0/stm32cubeide/plugins/com.st.stm32cube.ide.mcu.externaltools.gnu-tools-for-stm32.10.3-2021.10.win32_1.0.0.202111181127/tools/bin/../lib/gcc/arm-none-eabi/10.3.1/thumb/v7-m/nofp/crtn.o
OUTPUT(I2CDisplay1602.elf elf32-littlearm)
LOAD linker stubs
LOAD c:/st/stm32cubeide_1.7.0/stm32cubeide/plugins/com.st.stm32cube.ide.mcu.externaltools.gnu-tools-for-stm32.10.3-2021.10.win32_1.0.0.202111181127/tools/bin/../lib/gcc/arm-none-eabi/10.3.1/../../../../arm-none-eabi/lib/thumb/v7-m/nofp\libc.a
LOAD c:/st/stm32cubeide_1.7.0/stm32cubeide/plugins/com.st.stm32cube.ide.mcu.externaltools.gnu-tools-for-stm32.10.3-2021.10.win32_1.0.0.202111181127/tools/bin/../lib/gcc/arm-none-eabi/10.3.1/../../../../arm-none-eabi/lib/thumb/v7-m/nofp\libm.a
LOAD c:/st/stm32cubeide_1.7.0/stm32cubeide/plugins/com.st.stm32cube.ide.mcu.externaltools.gnu-tools-for-stm32.10.3-2021.10.win32_1.0.0.202111181127/tools/bin/../lib/gcc/arm-none-eabi/10.3.1/thumb/v7-m/nofp\libgcc.a

.debug_info     0x0000000000000000    0x10155
 .debug_info    0x0000000000000000      0x86d ./Core/Src/i2c-lcd.o
 .debug_info    0x000000000000086d      0xb80 ./Core/Src/main.o
 .debug_info    0x00000000000013ed      0x8d3 ./Core/Src/stm32f1xx_hal_msp.o
 .debug_info    0x0000000000001cc0      0x661 ./Core/Src/stm32f1xx_it.o
 .debug_info    0x0000000000002321      0x23d ./Core/Src/system_stm32f1xx.o
 .debug_info    0x000000000000255e       0x22 ./Core/Startup/startup_stm32f103c8tx.o
 .debug_info    0x0000000000002580      0x734 ./Drivers/STM32F1xx_HAL_Driver/Src/stm32f1xx_hal.o
 .debug_info    0x0000000000002cb4      0xb20 ./Drivers/STM32F1xx_HAL_Driver/Src/stm32f1xx_hal_cortex.o
 .debug_info    0x00000000000037d4      0x615 ./Drivers/STM32F1xx_HAL_Driver/Src/stm32f1xx_hal_gpio.o
 .debug_info    0x0000000000003de9     0x2734 ./Drivers/STM32F1xx_HAL_Driver/Src/stm32f1xx_hal_i2c.o
 .debug_info    0x000000000000651d     0x16ab ./Drivers/STM32F1xx_HAL_Driver/Src/stm32f1xx_hal_pcd.o
 .debug_info    0x0000000000007bc8      0x728 ./Drivers/STM32F1xx_HAL_Driver/Src/stm32f1xx_hal_pcd_ex.o
 .debug_info    0x00000000000082f0      0x860 ./Drivers/STM32F1xx_HAL_Driver/Src/stm32f1xx_hal_rcc.o
 .debug_info    0x0000000000008b50      0x3e0 ./Drivers/STM32F1xx_HAL_Driver/Src/stm32f1xx_hal_rcc_ex.o
 .debug_info    0x0000000000008f30     0x190d ./Drivers/STM32F1xx_HAL_Driver/Src/stm32f1xx_ll_usb.o
 .debug_info    0x000000000000a83d     0x10f1 ./Middlewares/ST/STM32_USB_Device_Library/Class/CDC/Src/usbd_cdc.o
 .debug_info    0x000000000000b92e      0xb02 ./Middlewares/ST/STM32_USB_Device_Library/Core/Src/usbd_core.o
 .debug_info    0x000000000000c430      0x9b6 ./Middlewares/ST/STM32_USB_Device_Library/Core/Src/usbd_ctlreq.o
 .debug_info    0x000000000000cde6      0x715 ./Middlewares/ST/STM32_USB_Device_Library/Core/Src/usbd_ioreq.o
 .debug_info    0x000000000000d4fb      0x679 ./USB_DEVICE/App/usb_device.o
 .debug_info    0x000000000000db74      0x828 ./USB_DEVICE/App/usbd_cdc_if.o
 .debug_info    0x000000000000e39c      0x484 ./USB_DEVICE/App/usbd_desc.o
 .debug_info    0x000000000000e820     0x1935 ./USB_DEVICE/Target/usbd_conf.o

.debug_abbrev   0x0000000000000000     0x2dc0
 .debug_abbrev  0x0000000000000000      0x1fc ./Core/Src/i2c-lcd.o
 .debug_abbrev  0x00000000000001fc      0x25d ./Core/Src/main.o
 .debug_abbrev  0x0000000000000459      0x194 ./Core/Src/stm32f1xx_hal_msp.o
 .debug_abbrev  0x00000000000005ed      0x188 ./Core/Src/stm32f1xx_it.o
 .debug_abbrev  0x0000000000000775      0x13b ./Core/Src/system_stm32f1xx.o
 .debug_abbrev  0x00000000000008b0       0x12 ./Core/Startup/startup_stm32f103c8tx.o
 .debug_abbrev  0x00000000000008c2      0x1fb ./Drivers/STM32F1xx_HAL_Driver/Src/stm32f1xx_hal.o
 .debug_abbrev  0x0000000000000abd      0x2ed ./Drivers/STM32F1xx_HAL_Driver/Src/stm32f1xx_hal_cortex.o
 .debug_abbrev  0x0000000000000daa      0x1bb ./Drivers/STM32F1xx_HAL_Driver/Src/stm32f1xx_hal_gpio.o
 .debug_abbrev  0x0000000000000f65      0x288 ./Drivers/STM32F1xx_HAL_Driver/Src/stm32f1xx_hal_i2c.o
 .debug_abbrev  0x00000000000011ed      0x2b9 ./Drivers/STM32F1xx_HAL_Driver/Src/stm32f1xx_hal_pcd.o
 .debug_abbrev  0x00000000000014a6      0x17f ./Drivers/STM32F1xx_HAL_Driver/Src/stm32f1xx_hal_pcd_ex.o
 .debug_abbrev  0x0000000000001625      0x2a8 ./Drivers/STM32F1xx_HAL_Driver/Src/stm32f1xx_hal_rcc.o
 .debug_abbrev  0x00000000000018cd      0x182 ./Drivers/STM32F1xx_HAL_Driver/Src/stm32f1xx_hal_rcc_ex.o
 .debug_abbrev  0x0000000000001a4f      0x1cd ./Drivers/STM32F1xx_HAL_Driver/Src/stm32f1xx_ll_usb.o
 .debug_abbrev  0x0000000000001c1c      0x2c0 ./Middlewares/ST/STM32_USB_Device_Library/Class/CDC/Src/usbd_cdc.o
 .debug_abbrev  0x0000000000001edc      0x236 ./Middlewares/ST/STM32_USB_Device_Library/Core/Src/usbd_core.o
 .debug_abbrev  0x0000000000002112      0x257 ./Middlewares/ST/STM32_USB_Device_Library/Core/Src/usbd_ctlreq.o
 .debug_abbrev  0x0000000000002369      0x183 ./Middlewares/ST/STM32_USB_Device_Library/Core/Src/usbd_ioreq.o
 .debug_abbrev  0x00000000000024ec      0x183 ./USB_DEVICE/App/usb_device.o
 .debug_abbrev  0x000000000000266f      0x252 ./USB_DEVICE/App/usbd_cdc_if.o
 .debug_abbrev  0x00000000000028c1      0x1fa ./USB_DEVICE/App/usbd_desc.o
 .debug_abbrev  0x0000000000002abb      0x305 ./USB_DEVICE/Target/usbd_conf.o

.debug_aranges  0x0000000000000000      0xd70
 .debug_aranges
                0x0000000000000000       0x58 ./Core/Src/i2c-lcd.o
 .debug_aranges
                0x0000000000000058       0x40 ./Core/Src/main.o
 .debug_aranges
                0x0000000000000098       0x30 ./Core/Src/stm32f1xx_hal_msp.o
 .debug_aranges
                0x00000000000000c8       0x68 ./Core/Src/stm32f1xx_it.o
 .debug_aranges
                0x0000000000000130       0x28 ./Core/Src/system_stm32f1xx.o
 .debug_aranges
                0x0000000000000158       0x28 ./Core/Startup/startup_stm32f103c8tx.o
 .debug_aranges
                0x0000000000000180       0xe0 ./Drivers/STM32F1xx_HAL_Driver/Src/stm32f1xx_hal.o
 .debug_aranges
                0x0000000000000260      0x100 ./Drivers/STM32F1xx_HAL_Driver/Src/stm32f1xx_hal_cortex.o
 .debug_aranges
                0x0000000000000360       0x58 ./Drivers/STM32F1xx_HAL_Driver/Src/stm32f1xx_hal_gpio.o
 .debug_aranges
                0x00000000000003b8      0x2a0 ./Drivers/STM32F1xx_HAL_Driver/Src/stm32f1xx_hal_i2c.o
 .debug_aranges
                0x0000000000000658      0x138 ./Drivers/STM32F1xx_HAL_Driver/Src/stm32f1xx_hal_pcd.o
 .debug_aranges
                0x0000000000000790       0x38 ./Drivers/STM32F1xx_HAL_Driver/Src/stm32f1xx_hal_pcd_ex.o
 .debug_aranges
                0x00000000000007c8       0x90 ./Drivers/STM32F1xx_HAL_Driver/Src/stm32f1xx_hal_rcc.o
 .debug_aranges
                0x0000000000000858       0x30 ./Drivers/STM32F1xx_HAL_Driver/Src/stm32f1xx_hal_rcc_ex.o
 .debug_aranges
                0x0000000000000888       0xf0 ./Drivers/STM32F1xx_HAL_Driver/Src/stm32f1xx_ll_usb.o
 .debug_aranges
                0x0000000000000978       0x90 ./Middlewares/ST/STM32_USB_Device_Library/Class/CDC/Src/usbd_cdc.o
 .debug_aranges
                0x0000000000000a08       0xb8 ./Middlewares/ST/STM32_USB_Device_Library/Core/Src/usbd_core.o
 .debug_aranges
                0x0000000000000ac0       0x88 ./Middlewares/ST/STM32_USB_Device_Library/Core/Src/usbd_ctlreq.o
 .debug_aranges
                0x0000000000000b48       0x50 ./Middlewares/ST/STM32_USB_Device_Library/Core/Src/usbd_ioreq.o
 .debug_aranges
                0x0000000000000b98       0x20 ./USB_DEVICE/App/usb_device.o
 .debug_aranges
                0x0000000000000bb8       0x40 ./USB_DEVICE/App/usbd_cdc_if.o
 .debug_aranges
                0x0000000000000bf8       0x60 ./USB_DEVICE/App/usbd_desc.o
 .debug_aranges
                0x0000000000000c58      0x118 ./USB_DEVICE/Target/usbd_conf.o

.debug_ranges   0x0000000000000000      0xc30
 .debug_ranges  0x0000000000000000       0x48 ./Core/Src/i2c-lcd.o
 .debug_ranges  0x0000000000000048       0x30 ./Core/Src/main.o
 .debug_ranges  0x0000000000000078       0x20 ./Core/Src/stm32f1xx_hal_msp.o
 .debug_ranges  0x0000000000000098       0x58 ./Core/Src/stm32f1xx_it.o
 .debug_ranges  0x00000000000000f0       0x18 ./Core/Src/system_stm32f1xx.o
 .debug_ranges  0x0000000000000108       0x20 ./Core/Startup/startup_stm32f103c8tx.o
 .debug_ranges  0x0000000000000128       0xd0 ./Drivers/STM32F1xx_HAL_Driver/Src/stm32f1xx_hal.o
 .debug_ranges  0x00000000000001f8       0xf0 ./Drivers/STM32F1xx_HAL_Driver/Src/stm32f1xx_hal_cortex.o
 .debug_ranges  0x00000000000002e8       0x48 ./Drivers/STM32F1xx_HAL_Driver/Src/stm32f1xx_hal_gpio.o
 .debug_ranges  0x0000000000000330      0x2b8 ./Drivers/STM32F1xx_HAL_Driver/Src/stm32f1xx_hal_i2c.o
 .debug_ranges  0x00000000000005e8      0x128 ./Drivers/STM32F1xx_HAL_Driver/Src/stm32f1xx_hal_pcd.o
 .debug_ranges  0x0000000000000710       0x28 ./Drivers/STM32F1xx_HAL_Driver/Src/stm32f1xx_hal_pcd_ex.o
 .debug_ranges  0x0000000000000738       0x80 ./Drivers/STM32F1xx_HAL_Driver/Src/stm32f1xx_hal_rcc.o
 .debug_ranges  0x00000000000007b8       0x20 ./Drivers/STM32F1xx_HAL_Driver/Src/stm32f1xx_hal_rcc_ex.o
 .debug_ranges  0x00000000000007d8       0xe0 ./Drivers/STM32F1xx_HAL_Driver/Src/stm32f1xx_ll_usb.o
 .debug_ranges  0x00000000000008b8       0x80 ./Middlewares/ST/STM32_USB_Device_Library/Class/CDC/Src/usbd_cdc.o
 .debug_ranges  0x0000000000000938       0xa8 ./Middlewares/ST/STM32_USB_Device_Library/Core/Src/usbd_core.o
 .debug_ranges  0x00000000000009e0       0x78 ./Middlewares/ST/STM32_USB_Device_Library/Core/Src/usbd_ctlreq.o
 .debug_ranges  0x0000000000000a58       0x40 ./Middlewares/ST/STM32_USB_Device_Library/Core/Src/usbd_ioreq.o
 .debug_ranges  0x0000000000000a98       0x10 ./USB_DEVICE/App/usb_device.o
 .debug_ranges  0x0000000000000aa8       0x30 ./USB_DEVICE/App/usbd_cdc_if.o
 .debug_ranges  0x0000000000000ad8       0x50 ./USB_DEVICE/App/usbd_desc.o
 .debug_ranges  0x0000000000000b28      0x108 ./USB_DEVICE/Target/usbd_conf.o

.debug_macro    0x0000000000000000    0x19c8e
 .debug_macro   0x0000000000000000      0x1b6 ./Core/Src/i2c-lcd.o
 .debug_macro   0x00000000000001b6      0xa6c ./Core/Src/i2c-lcd.o
 .debug_macro   0x0000000000000c22      0x21b ./Core/Src/i2c-lcd.o
 .debug_macro   0x0000000000000e3d       0x2e ./Core/Src/i2c-lcd.o
 .debug_macro   0x0000000000000e6b       0x22 ./Core/Src/i2c-lcd.o
 .debug_macro   0x0000000000000e8d       0x22 ./Core/Src/i2c-lcd.o
 .debug_macro   0x0000000000000eaf       0x8e ./Core/Src/i2c-lcd.o
 .debug_macro   0x0000000000000f3d       0x51 ./Core/Src/i2c-lcd.o
 .debug_macro   0x0000000000000f8e      0x103 ./Core/Src/i2c-lcd.o
 .debug_macro   0x0000000000001091       0x6a ./Core/Src/i2c-lcd.o
 .debug_macro   0x00000000000010fb      0x1df ./Core/Src/i2c-lcd.o
 .debug_macro   0x00000000000012da       0x1c ./Core/Src/i2c-lcd.o
 .debug_macro   0x00000000000012f6       0x22 ./Core/Src/i2c-lcd.o
 .debug_macro   0x0000000000001318       0xbd ./Core/Src/i2c-lcd.o
 .debug_macro   0x00000000000013d5      0xd23 ./Core/Src/i2c-lcd.o
 .debug_macro   0x00000000000020f8     0xe09e ./Core/Src/i2c-lcd.o
 .debug_macro   0x0000000000010196       0x6d ./Core/Src/i2c-lcd.o
 .debug_macro   0x0000000000010203     0x3468 ./Core/Src/i2c-lcd.o
 .debug_macro   0x000000000001366b      0x174 ./Core/Src/i2c-lcd.o
 .debug_macro   0x00000000000137df       0x5c ./Core/Src/i2c-lcd.o
 .debug_macro   0x000000000001383b      0x5be ./Core/Src/i2c-lcd.o
 .debug_macro   0x0000000000013df9      0x289 ./Core/Src/i2c-lcd.o
 .debug_macro   0x0000000000014082      0x1cb ./Core/Src/i2c-lcd.o
 .debug_macro   0x000000000001424d      0x114 ./Core/Src/i2c-lcd.o
 .debug_macro   0x0000000000014361      0x1b2 ./Core/Src/i2c-lcd.o
 .debug_macro   0x0000000000014513       0x27 ./Core/Src/i2c-lcd.o
 .debug_macro   0x000000000001453a      0x136 ./Core/Src/i2c-lcd.o
 .debug_macro   0x0000000000014670      0x1bc ./Core/Src/i2c-lcd.o
 .debug_macro   0x000000000001482c       0x34 ./Core/Src/i2c-lcd.o
 .debug_macro   0x0000000000014860       0x3c ./Core/Src/i2c-lcd.o
 .debug_macro   0x000000000001489c       0x57 ./Core/Src/i2c-lcd.o
 .debug_macro   0x00000000000148f3       0x88 ./Core/Src/i2c-lcd.o
 .debug_macro   0x000000000001497b      0x241 ./Core/Src/i2c-lcd.o
 .debug_macro   0x0000000000014bbc      0x287 ./Core/Src/i2c-lcd.o
 .debug_macro   0x0000000000014e43      0x141 ./Core/Src/i2c-lcd.o
 .debug_macro   0x0000000000014f84       0x65 ./Core/Src/i2c-lcd.o
 .debug_macro   0x0000000000014fe9      0x249 ./Core/Src/i2c-lcd.o
 .debug_macro   0x0000000000015232       0x83 ./Core/Src/i2c-lcd.o
 .debug_macro   0x00000000000152b5      0x3b1 ./Core/Src/main.o
 .debug_macro   0x0000000000015666       0x52 ./Core/Src/main.o
 .debug_macro   0x00000000000156b8       0x18 ./Core/Src/main.o
 .debug_macro   0x00000000000156d0       0x3c ./Core/Src/main.o
 .debug_macro   0x000000000001570c       0x34 ./Core/Src/main.o
 .debug_macro   0x0000000000015740       0x16 ./Core/Src/main.o
 .debug_macro   0x0000000000015756       0x35 ./Core/Src/main.o
 .debug_macro   0x000000000001578b      0x341 ./Core/Src/main.o
 .debug_macro   0x0000000000015acc       0x10 ./Core/Src/main.o
 .debug_macro   0x0000000000015adc       0x16 ./Core/Src/main.o
 .debug_macro   0x0000000000015af2       0x43 ./Core/Src/main.o
 .debug_macro   0x0000000000015b35       0x34 ./Core/Src/main.o
 .debug_macro   0x0000000000015b69       0x10 ./Core/Src/main.o
 .debug_macro   0x0000000000015b79       0x58 ./Core/Src/main.o
 .debug_macro   0x0000000000015bd1       0x71 ./Core/Src/main.o
 .debug_macro   0x0000000000015c42       0x1c ./Core/Src/main.o
 .debug_macro   0x0000000000015c5e      0x12a ./Core/Src/main.o
 .debug_macro   0x0000000000015d88       0x10 ./Core/Src/main.o
 .debug_macro   0x0000000000015d98       0x1c ./Core/Src/main.o
 .debug_macro   0x0000000000015db4       0x52 ./Core/Src/main.o
 .debug_macro   0x0000000000015e06       0x22 ./Core/Src/main.o
 .debug_macro   0x0000000000015e28       0x10 ./Core/Src/main.o
 .debug_macro   0x0000000000015e38       0x52 ./Core/Src/main.o
 .debug_macro   0x0000000000015e8a       0xd5 ./Core/Src/main.o
 .debug_macro   0x0000000000015f5f       0x1c ./Core/Src/main.o
 .debug_macro   0x0000000000015f7b       0x3d ./Core/Src/main.o
 .debug_macro   0x0000000000015fb8       0x16 ./Core/Src/main.o
 .debug_macro   0x0000000000015fce      0x145 ./Core/Src/main.o
 .debug_macro   0x0000000000016113       0x16 ./Core/Src/main.o
 .debug_macro   0x0000000000016129       0x16 ./Core/Src/main.o
 .debug_macro   0x000000000001613f       0x29 ./Core/Src/main.o
 .debug_macro   0x0000000000016168       0x16 ./Core/Src/main.o
 .debug_macro   0x000000000001617e       0x20 ./Core/Src/main.o
 .debug_macro   0x000000000001619e       0x5f ./Core/Src/main.o
 .debug_macro   0x00000000000161fd      0x1c8 ./Core/Src/main.o
 .debug_macro   0x00000000000163c5      0x1bc ./Core/Src/stm32f1xx_hal_msp.o
 .debug_macro   0x0000000000016581      0x1c6 ./Core/Src/stm32f1xx_it.o
 .debug_macro   0x0000000000016747      0x1b2 ./Core/Src/system_stm32f1xx.o
 .debug_macro   0x00000000000168f9      0x1d6 ./Drivers/STM32F1xx_HAL_Driver/Src/stm32f1xx_hal.o
 .debug_macro   0x0000000000016acf      0x1b2 ./Drivers/STM32F1xx_HAL_Driver/Src/stm32f1xx_hal_cortex.o
 .debug_macro   0x0000000000016c81      0x21d ./Drivers/STM32F1xx_HAL_Driver/Src/stm32f1xx_hal_gpio.o
 .debug_macro   0x0000000000016e9e      0x1f9 ./Drivers/STM32F1xx_HAL_Driver/Src/stm32f1xx_hal_i2c.o
 .debug_macro   0x0000000000017097      0x1be ./Drivers/STM32F1xx_HAL_Driver/Src/stm32f1xx_hal_pcd.o
 .debug_macro   0x0000000000017255      0x1b2 ./Drivers/STM32F1xx_HAL_Driver/Src/stm32f1xx_hal_pcd_ex.o
 .debug_macro   0x0000000000017407      0x1c4 ./Drivers/STM32F1xx_HAL_Driver/Src/stm32f1xx_hal_rcc.o
 .debug_macro   0x00000000000175cb      0x1b2 ./Drivers/STM32F1xx_HAL_Driver/Src/stm32f1xx_hal_rcc_ex.o
 .debug_macro   0x000000000001777d      0x1b2 ./Drivers/STM32F1xx_HAL_Driver/Src/stm32f1xx_ll_usb.o
 .debug_macro   0x000000000001792f      0x3d2 ./Middlewares/ST/STM32_USB_Device_Library/Class/CDC/Src/usbd_cdc.o
 .debug_macro   0x0000000000017d01       0x97 ./Middlewares/ST/STM32_USB_Device_Library/Class/CDC/Src/usbd_cdc.o
 .debug_macro   0x0000000000017d98       0xfd ./Middlewares/ST/STM32_USB_Device_Library/Class/CDC/Src/usbd_cdc.o
 .debug_macro   0x0000000000017e95       0x56 ./Middlewares/ST/STM32_USB_Device_Library/Class/CDC/Src/usbd_cdc.o
 .debug_macro   0x0000000000017eeb       0x8f ./Middlewares/ST/STM32_USB_Device_Library/Class/CDC/Src/usbd_cdc.o
 .debug_macro   0x0000000000017f7a      0x3b9 ./Middlewares/ST/STM32_USB_Device_Library/Core/Src/usbd_core.o
 .debug_macro   0x0000000000018333      0x1ce ./Middlewares/ST/STM32_USB_Device_Library/Core/Src/usbd_core.o
 .debug_macro   0x0000000000018501      0x3c3 ./Middlewares/ST/STM32_USB_Device_Library/Core/Src/usbd_ctlreq.o
 .debug_macro   0x00000000000188c4      0x3bf ./Middlewares/ST/STM32_USB_Device_Library/Core/Src/usbd_ioreq.o
 .debug_macro   0x0000000000018c83      0x3f8 ./USB_DEVICE/App/usb_device.o
 .debug_macro   0x000000000001907b       0x22 ./USB_DEVICE/App/usb_device.o
 .debug_macro   0x000000000001909d       0x16 ./USB_DEVICE/App/usb_device.o
 .debug_macro   0x00000000000190b3      0x3dd ./USB_DEVICE/App/usbd_cdc_if.o
 .debug_macro   0x0000000000019490       0x10 ./USB_DEVICE/App/usbd_cdc_if.o
 .debug_macro   0x00000000000194a0      0x3f6 ./USB_DEVICE/App/usbd_desc.o
 .debug_macro   0x0000000000019896       0x1c ./USB_DEVICE/App/usbd_desc.o
 .debug_macro   0x00000000000198b2      0x3dc ./USB_DEVICE/Target/usbd_conf.o

.debug_line     0x0000000000000000    0x12168
 .debug_line    0x0000000000000000      0x839 ./Core/Src/i2c-lcd.o
 .debug_line    0x0000000000000839      0xa46 ./Core/Src/main.o
 .debug_line    0x000000000000127f      0x6ce ./Core/Src/stm32f1xx_hal_msp.o
 .debug_line    0x000000000000194d      0x75d ./Core/Src/stm32f1xx_it.o
 .debug_line    0x00000000000020aa      0x701 ./Core/Src/system_stm32f1xx.o
 .debug_line    0x00000000000027ab       0x87 ./Core/Startup/startup_stm32f103c8tx.o
 .debug_line    0x0000000000002832      0x92e ./Drivers/STM32F1xx_HAL_Driver/Src/stm32f1xx_hal.o
 .debug_line    0x0000000000003160      0xb16 ./Drivers/STM32F1xx_HAL_Driver/Src/stm32f1xx_hal_cortex.o
 .debug_line    0x0000000000003c76      0x9c5 ./Drivers/STM32F1xx_HAL_Driver/Src/stm32f1xx_hal_gpio.o
 .debug_line    0x000000000000463b     0x3a18 ./Drivers/STM32F1xx_HAL_Driver/Src/stm32f1xx_hal_i2c.o
 .debug_line    0x0000000000008053     0x131c ./Drivers/STM32F1xx_HAL_Driver/Src/stm32f1xx_hal_pcd.o
 .debug_line    0x000000000000936f      0x6fc ./Drivers/STM32F1xx_HAL_Driver/Src/stm32f1xx_hal_pcd_ex.o
 .debug_line    0x0000000000009a6b      0xd3c ./Drivers/STM32F1xx_HAL_Driver/Src/stm32f1xx_hal_rcc.o
 .debug_line    0x000000000000a7a7      0x87a ./Drivers/STM32F1xx_HAL_Driver/Src/stm32f1xx_hal_rcc_ex.o
 .debug_line    0x000000000000b021     0x1061 ./Drivers/STM32F1xx_HAL_Driver/Src/stm32f1xx_ll_usb.o
 .debug_line    0x000000000000c082      0xd0c ./Middlewares/ST/STM32_USB_Device_Library/Class/CDC/Src/usbd_cdc.o
 .debug_line    0x000000000000cd8e      0xd8c ./Middlewares/ST/STM32_USB_Device_Library/Core/Src/usbd_core.o
 .debug_line    0x000000000000db1a      0xfae ./Middlewares/ST/STM32_USB_Device_Library/Core/Src/usbd_ctlreq.o
 .debug_line    0x000000000000eac8      0xa22 ./Middlewares/ST/STM32_USB_Device_Library/Core/Src/usbd_ioreq.o
 .debug_line    0x000000000000f4ea      0x9e2 ./USB_DEVICE/App/usb_device.o
 .debug_line    0x000000000000fecc      0xa2a ./USB_DEVICE/App/usbd_cdc_if.o
 .debug_line    0x00000000000108f6      0xaab ./USB_DEVICE/App/usbd_desc.o
 .debug_line    0x00000000000113a1      0xdc7 ./USB_DEVICE/Target/usbd_conf.o

.debug_str      0x0000000000000000    0x87111
 .debug_str     0x0000000000000000    0x7edad ./Core/Src/i2c-lcd.o
                                      0x7f179 (size before relaxing)
 .debug_str     0x000000000007edad     0x4b1c ./Core/Src/main.o
                                      0x83c65 (size before relaxing)
 .debug_str     0x00000000000838c9       0x91 ./Core/Src/stm32f1xx_hal_msp.o
                                      0x7f18f (size before relaxing)
 .debug_str     0x000000000008395a      0x3cd ./Core/Src/stm32f1xx_it.o
                                      0x7f05f (size before relaxing)
 .debug_str     0x0000000000083d27       0x7e ./Core/Src/system_stm32f1xx.o
                                      0x7ecb6 (size before relaxing)
 .debug_str     0x0000000000083da5       0x36 ./Core/Startup/startup_stm32f103c8tx.o
                                         0x6a (size before relaxing)
 .debug_str     0x0000000000083ddb      0x607 ./Drivers/STM32F1xx_HAL_Driver/Src/stm32f1xx_hal.o
                                      0x7f3e9 (size before relaxing)
 .debug_str     0x00000000000843e2      0x293 ./Drivers/STM32F1xx_HAL_Driver/Src/stm32f1xx_hal_cortex.o
                                      0x7f335 (size before relaxing)
 .debug_str     0x0000000000084675      0x2e6 ./Drivers/STM32F1xx_HAL_Driver/Src/stm32f1xx_hal_gpio.o
                                      0x7f03c (size before relaxing)
 .debug_str     0x000000000008495b      0xb52 ./Drivers/STM32F1xx_HAL_Driver/Src/stm32f1xx_hal_i2c.o
                                      0x7fd2a (size before relaxing)
 .debug_str     0x00000000000854ad      0x573 ./Drivers/STM32F1xx_HAL_Driver/Src/stm32f1xx_hal_pcd.o
                                      0x7f58e (size before relaxing)
 .debug_str     0x0000000000085a20      0x170 ./Drivers/STM32F1xx_HAL_Driver/Src/stm32f1xx_hal_pcd_ex.o
                                      0x7f12a (size before relaxing)
 .debug_str     0x0000000000085b90      0x209 ./Drivers/STM32F1xx_HAL_Driver/Src/stm32f1xx_hal_rcc.o
                                      0x7f0e5 (size before relaxing)
 .debug_str     0x0000000000085d99       0x9f ./Drivers/STM32F1xx_HAL_Driver/Src/stm32f1xx_hal_rcc_ex.o
                                      0x7ee35 (size before relaxing)
 .debug_str     0x0000000000085e38      0x129 ./Drivers/STM32F1xx_HAL_Driver/Src/stm32f1xx_ll_usb.o
                                      0x7f15d (size before relaxing)
 .debug_str     0x0000000000085f61      0x967 ./Middlewares/ST/STM32_USB_Device_Library/Class/CDC/Src/usbd_cdc.o
                                      0x841d2 (size before relaxing)
 .debug_str     0x00000000000868c8      0x281 ./Middlewares/ST/STM32_USB_Device_Library/Core/Src/usbd_core.o
                                      0x83b0d (size before relaxing)
 .debug_str     0x0000000000086b49      0x120 ./Middlewares/ST/STM32_USB_Device_Library/Core/Src/usbd_ctlreq.o
                                      0x83a27 (size before relaxing)
 .debug_str     0x0000000000086c69       0x51 ./Middlewares/ST/STM32_USB_Device_Library/Core/Src/usbd_ioreq.o
                                      0x83954 (size before relaxing)
 .debug_str     0x0000000000086cba      0x105 ./USB_DEVICE/App/usb_device.o
                                      0x83cdf (size before relaxing)
 .debug_str     0x0000000000086dbf       0x8d ./USB_DEVICE/App/usbd_cdc_if.o
                                      0x83d05 (size before relaxing)
 .debug_str     0x0000000000086e4c      0x24d ./USB_DEVICE/App/usbd_desc.o
                                      0x83885 (size before relaxing)
 .debug_str     0x0000000000087099       0x78 ./USB_DEVICE/Target/usbd_conf.o
                                      0x8475f (size before relaxing)

.comment        0x0000000000000000       0x50
 .comment       0x0000000000000000       0x50 ./Core/Src/i2c-lcd.o
                                         0x51 (size before relaxing)
 .comment       0x0000000000000050       0x51 ./Core/Src/main.o
 .comment       0x0000000000000050       0x51 ./Core/Src/stm32f1xx_hal_msp.o
 .comment       0x0000000000000050       0x51 ./Core/Src/stm32f1xx_it.o
 .comment       0x0000000000000050       0x51 ./Core/Src/system_stm32f1xx.o
 .comment       0x0000000000000050       0x51 ./Drivers/STM32F1xx_HAL_Driver/Src/stm32f1xx_hal.o
 .comment       0x0000000000000050       0x51 ./Drivers/STM32F1xx_HAL_Driver/Src/stm32f1xx_hal_cortex.o
 .comment       0x0000000000000050       0x51 ./Drivers/STM32F1xx_HAL_Driver/Src/stm32f1xx_hal_gpio.o
 .comment       0x0000000000000050       0x51 ./Drivers/STM32F1xx_HAL_Driver/Src/stm32f1xx_hal_i2c.o
 .comment       0x0000000000000050       0x51 ./Drivers/STM32F1xx_HAL_Driver/Src/stm32f1xx_hal_pcd.o
 .comment       0x0000000000000050       0x51 ./Drivers/STM32F1xx_HAL_Driver/Src/stm32f1xx_hal_pcd_ex.o
 .comment       0x0000000000000050       0x51 ./Drivers/STM32F1xx_HAL_Driver/Src/stm32f1xx_hal_rcc.o
 .comment       0x0000000000000050       0x51 ./Drivers/STM32F1xx_HAL_Driver/Src/stm32f1xx_hal_rcc_ex.o
 .comment       0x0000000000000050       0x51 ./Drivers/STM32F1xx_HAL_Driver/Src/stm32f1xx_ll_usb.o
 .comment       0x0000000000000050       0x51 ./Middlewares/ST/STM32_USB_Device_Library/Class/CDC/Src/usbd_cdc.o
 .comment       0x0000000000000050       0x51 ./Middlewares/ST/STM32_USB_Device_Library/Core/Src/usbd_core.o
 .comment       0x0000000000000050       0x51 ./Middlewares/ST/STM32_USB_Device_Library/Core/Src/usbd_ctlreq.o
 .comment       0x0000000000000050       0x51 ./Middlewares/ST/STM32_USB_Device_Library/Core/Src/usbd_ioreq.o
 .comment       0x0000000000000050       0x51 ./USB_DEVICE/App/usb_device.o
 .comment       0x0000000000000050       0x51 ./USB_DEVICE/App/usbd_cdc_if.o
 .comment       0x0000000000000050       0x51 ./USB_DEVICE/App/usbd_desc.o
 .comment       0x0000000000000050       0x51 ./USB_DEVICE/Target/usbd_conf.o

.debug_frame    0x0000000000000000     0x3590
 .debug_frame   0x0000000000000000      0x130 ./Core/Src/i2c-lcd.o
 .debug_frame   0x0000000000000130       0xa8 ./Core/Src/main.o
 .debug_frame   0x00000000000001d8       0x80 ./Core/Src/stm32f1xx_hal_msp.o
 .debug_frame   0x0000000000000258      0x120 ./Core/Src/stm32f1xx_it.o
 .debug_frame   0x0000000000000378       0x58 ./Core/Src/system_stm32f1xx.o
 .debug_frame   0x00000000000003d0      0x334 ./Drivers/STM32F1xx_HAL_Driver/Src/stm32f1xx_hal.o
 .debug_frame   0x0000000000000704      0x428 ./Drivers/STM32F1xx_HAL_Driver/Src/stm32f1xx_hal_cortex.o
 .debug_frame   0x0000000000000b2c      0x14c ./Drivers/STM32F1xx_HAL_Driver/Src/stm32f1xx_hal_gpio.o
 .debug_frame   0x0000000000000c78      0xc5c ./Drivers/STM32F1xx_HAL_Driver/Src/stm32f1xx_hal_i2c.o
 .debug_frame   0x00000000000018d4      0x578 ./Drivers/STM32F1xx_HAL_Driver/Src/stm32f1xx_hal_pcd.o
 .debug_frame   0x0000000000001e4c       0xb0 ./Drivers/STM32F1xx_HAL_Driver/Src/stm32f1xx_hal_pcd_ex.o
 .debug_frame   0x0000000000001efc      0x21c ./Drivers/STM32F1xx_HAL_Driver/Src/stm32f1xx_hal_rcc.o
 .debug_frame   0x0000000000002118       0x84 ./Drivers/STM32F1xx_HAL_Driver/Src/stm32f1xx_hal_rcc_ex.o
 .debug_frame   0x000000000000219c      0x450 ./Drivers/STM32F1xx_HAL_Driver/Src/stm32f1xx_ll_usb.o
 .debug_frame   0x00000000000025ec      0x248 ./Middlewares/ST/STM32_USB_Device_Library/Class/CDC/Src/usbd_cdc.o
 .debug_frame   0x0000000000002834      0x300 ./Middlewares/ST/STM32_USB_Device_Library/Core/Src/usbd_core.o
 .debug_frame   0x0000000000002b34      0x218 ./Middlewares/ST/STM32_USB_Device_Library/Core/Src/usbd_ctlreq.o
 .debug_frame   0x0000000000002d4c      0x10c ./Middlewares/ST/STM32_USB_Device_Library/Core/Src/usbd_ioreq.o
 .debug_frame   0x0000000000002e58       0x2c ./USB_DEVICE/App/usb_device.o
 .debug_frame   0x0000000000002e84       0xbc ./USB_DEVICE/App/usbd_cdc_if.o
 .debug_frame   0x0000000000002f40      0x160 ./USB_DEVICE/App/usbd_desc.o
 .debug_frame   0x00000000000030a0      0x4a4 ./USB_DEVICE/Target/usbd_conf.o
 .debug_frame   0x0000000000003544       0x2c c:/st/stm32cubeide_1.7.0/stm32cubeide/plugins/com.st.stm32cube.ide.mcu.externaltools.gnu-tools-for-stm32.10.3-2021.10.win32_1.0.0.202111181127/tools/bin/../lib/gcc/arm-none-eabi/10.3.1/../../../../arm-none-eabi/lib/thumb/v7-m/nofp\libc_nano.a(lib_a-init.o)
 .debug_frame   0x0000000000003570       0x20 c:/st/stm32cubeide_1.7.0/stm32cubeide/plugins/com.st.stm32cube.ide.mcu.externaltools.gnu-tools-for-stm32.10.3-2021.10.win32_1.0.0.202111181127/tools/bin/../lib/gcc/arm-none-eabi/10.3.1/../../../../arm-none-eabi/lib/thumb/v7-m/nofp\libc_nano.a(lib_a-memset.o)
